ARM Linker, 5.02 [Build 28] [MDK-ARM Standard]

==============================================================================

Section Cross References

    system_stm32f10x.o(.text) refers to system_stm32f10x.o(.data) for SystemCoreClock
    startup_stm32f10x_hd.o(STACK) refers (Special) to heapauxi.o(.text) for __use_two_region_memory
    startup_stm32f10x_hd.o(HEAP) refers (Special) to heapauxi.o(.text) for __use_two_region_memory
    startup_stm32f10x_hd.o(RESET) refers (Special) to heapauxi.o(.text) for __use_two_region_memory
    startup_stm32f10x_hd.o(RESET) refers to startup_stm32f10x_hd.o(STACK) for __initial_sp
    startup_stm32f10x_hd.o(RESET) refers to startup_stm32f10x_hd.o(.text) for Reset_Handler
    startup_stm32f10x_hd.o(RESET) refers to stm32f10x_it.o(.text) for NMI_Handler
    startup_stm32f10x_hd.o(RESET) refers to key.o(.text) for EXTI2_IRQHandler
    startup_stm32f10x_hd.o(.text) refers (Special) to heapauxi.o(.text) for __use_two_region_memory
    startup_stm32f10x_hd.o(.text) refers to system_stm32f10x.o(.text) for SystemInit
    startup_stm32f10x_hd.o(.text) refers to __main.o(!!!main) for __main
    startup_stm32f10x_hd.o(.text) refers to startup_stm32f10x_hd.o(HEAP) for Heap_Mem
    startup_stm32f10x_hd.o(.text) refers to startup_stm32f10x_hd.o(STACK) for Stack_Mem
    main.o(.text) refers to led.o(.text) for LED_Init
    main.o(.text) refers to key.o(.text) for KEY_Init
    main.o(.text) refers to usart1.o(.text) for USART1_Init
    main.o(.text) refers to usart2.o(.text) for USART2_Init
    main.o(.text) refers to esp8266.o(.text) for ESP8266_Init
    stm32f10x_it.o(.text) refers to led.o(.text) for LED_CmdCtl
    stm32f10x_it.o(.text) refers to rt_memclr.o(.text) for __aeabi_memclr
    stm32f10x_it.o(.text) refers to usart2.o(.data) for usart2_rcv_len
    stm32f10x_it.o(.text) refers to usart2.o(.bss) for usart2_rcv_buf
    stm32f10x_gpio.o(.text) refers to stm32f10x_rcc.o(.text) for RCC_APB2PeriphResetCmd
    stm32f10x_i2c.o(.text) refers to stm32f10x_rcc.o(.text) for RCC_APB1PeriphResetCmd
    stm32f10x_rcc.o(.text) refers to stm32f10x_rcc.o(.data) for APBAHBPrescTable
    stm32f10x_usart.o(.text) refers to stm32f10x_rcc.o(.text) for RCC_APB2PeriphResetCmd
    usart1.o(.text) refers to stm32f10x_rcc.o(.text) for RCC_APB2PeriphClockCmd
    usart1.o(.text) refers to stm32f10x_gpio.o(.text) for GPIO_Init
    usart1.o(.text) refers to stm32f10x_usart.o(.text) for USART_Init
    usart1.o(.text) refers to misc.o(.text) for NVIC_Init
    usart2.o(.text) refers to stm32f10x_rcc.o(.text) for RCC_APB2PeriphClockCmd
    usart2.o(.text) refers to stm32f10x_gpio.o(.text) for GPIO_Init
    usart2.o(.text) refers to stm32f10x_usart.o(.text) for USART_Init
    usart2.o(.text) refers to misc.o(.text) for NVIC_Init
    led.o(.text) refers to stm32f10x_rcc.o(.text) for RCC_APB2PeriphClockCmd
    led.o(.text) refers to stm32f10x_gpio.o(.text) for GPIO_Init
    led.o(.text) refers to strstr.o(.text) for strstr
    led.o(.text) refers to usart2.o(.bss) for usart2_cmd_buf
    led.o(.text) refers to led.o(.data) for red_value
    key.o(.text) refers to stm32f10x_rcc.o(.text) for RCC_APB2PeriphClockCmd
    key.o(.text) refers to stm32f10x_gpio.o(.text) for GPIO_Init
    key.o(.text) refers to stm32f10x_exti.o(.text) for EXTI_Init
    key.o(.text) refers to misc.o(.text) for NVIC_Init
    cjson.o(.text) refers to _printf_percent.o(.ARM.Collect$$_printf_percent$$00000000) for _printf_percent
    cjson.o(.text) refers to _printf_d.o(.ARM.Collect$$_printf_percent$$00000009) for _printf_d
    cjson.o(.text) refers to _printf_dec.o(.text) for _printf_int_dec
    cjson.o(.text) refers to _printf_f.o(.ARM.Collect$$_printf_percent$$00000003) for _printf_f
    cjson.o(.text) refers to printf1.o(x$fpl$printf1) for _printf_fp_dec
    cjson.o(.text) refers to _printf_e.o(.ARM.Collect$$_printf_percent$$00000004) for _printf_e
    cjson.o(.text) refers to _printf_pad.o(.text) for _printf_pre_padding
    cjson.o(.text) refers to _printf_x.o(.ARM.Collect$$_printf_percent$$0000000C) for _printf_x
    cjson.o(.text) refers to _printf_hex_int_ll_ptr.o(.text) for _printf_longlong_hex
    cjson.o(.text) refers to tolower.o(.text) for tolower
    cjson.o(.text) refers to strlen.o(.text) for strlen
    cjson.o(.text) refers to rt_memcpy_v6.o(.text) for __aeabi_memcpy
    cjson.o(.text) refers to rt_memclr_w.o(.text) for __aeabi_memclr4
    cjson.o(.text) refers to dflt_clz.o(x$fpl$dflt) for __aeabi_i2d
    cjson.o(.text) refers to dmul.o(x$fpl$dmul) for __aeabi_dmul
    cjson.o(.text) refers to daddsub_clz.o(x$fpl$dadd) for __aeabi_dadd
    cjson.o(.text) refers to daddsub_clz.o(x$fpl$dsub) for __aeabi_dsub
    cjson.o(.text) refers to pow.o(i.pow) for pow
    cjson.o(.text) refers to dfix.o(x$fpl$dfix) for __aeabi_d2iz
    cjson.o(.text) refers to deqf.o(x$fpl$deqf) for __aeabi_cdcmpeq
    cjson.o(.text) refers to dleqf.o(x$fpl$dleqf) for __aeabi_cdcmple
[...]
    .data                                    0x20000000   Section       20  system_stm32f10x.o(.data)
    .data                                    0x20000014   Section       20  stm32f10x_rcc.o(.data)
    APBAHBPrescTable                         0x20000014   Data          16  stm32f10x_rcc.o(.data)
    ADCPrescTable                            0x20000024   Data           4  stm32f10x_rcc.o(.data)
    .data                                    0x20000028   Section       12  usart2.o(.data)
    .data                                    0x20000034   Section        4  led.o(.data)
    .data                                    0x20000038   Section       12  cjson.o(.data)
    cJSON_malloc                             0x20000038   Data           4  cjson.o(.data)
    cJSON_free                               0x2000003c   Data           4  cjson.o(.data)
    ep                                       0x20000040   Data           4  cjson.o(.data)
    .data                                    0x20000044   Section        4  esp8266.o(.data)
    .bss                                     0x20000048   Section     1280  usart2.o(.bss)
    .bss                                     0x20000548   Section     1024  esp8266.o(.bss)
    .bss                                     0x20000948   Section       96  libspace.o(.bss)
    HEAP                                     0x200009a8   Section      512  startup_stm32f10x_hd.o(HEAP)
    Heap_Mem                                 0x200009a8   Data         512  startup_stm32f10x_hd.o(HEAP)
    STACK                                    0x20000ba8   Section     1024  startup_stm32f10x_hd.o(STACK)
    Stack_Mem                                0x20000ba8   Data        1024  startup_stm32f10x_hd.o(STACK)
    __initial_sp                             0x20000fa8   Data           0  startup_stm32f10x_hd.o(STACK)

    Global Symbols

    Symbol Name                              Value     Ov Type        Size  Object(Section)

    BuildAttributes$$THM_ISAv4$P$D$K$B$S$PE$A:L22UL41UL21$X:L11$S22US41US21$IEEE1$IW$USESV6$~STKCKD$USESV7$~SHL$OTIME$ROPI$IEEEX$EBA8$UX$STANDARDLIB$REQ8$PRES8$EABIv2 0x00000000   Number         0  anon$$obj.o ABSOLUTE
    __ARM_use_no_argv                        0x00000000   Number         0  main.o ABSOLUTE
    _printf_flags                            0x00000000   Number         0  printf_stubs.o ABSOLUTE
    _printf_return_value                     0x00000000   Number         0  printf_stubs.o ABSOLUTE
    _printf_sizespec                         0x00000000   Number         0  printf_stubs.o ABSOLUTE
    _printf_widthprec                        0x00000000   Number         0  printf_stubs.o ABSOLUTE
    __ARM_exceptions_init                     - Undefined Weak Reference
    __alloca_initialize                       - Undefined Weak Reference
    __cpp_initialize__aeabi_                  - Undefined Weak Reference
    __cxa_finalize                            - Undefined Weak Reference
    __sigvec_lookup                           - Undefined Weak Reference
    __user_heap_extent                        - Undefined Weak Reference
    _atexit_init                              - Undefined Weak Reference
    _call_atexit_fns                          - Undefined Weak Reference
    _clock_init                               - Undefined Weak Reference
    _fp_trap_init                             - Undefined Weak Reference
    _fp_trap_shutdown                         - Undefined Weak Reference
    _get_lc_collate                           - Undefined Weak Reference
    _get_lc_monetary                          - Undefined Weak Reference
    _getenv_init                              - Undefined Weak Reference
    _handle_redirection                       - Undefined Weak Reference
    _initio                                   - Undefined Weak Reference
    _mutex_acquire                            - Undefined Weak Reference
    _mutex_free                               - Undefined Weak Reference
    _mutex_release                            - Undefined Weak Reference
    _printf_mbtowc                            - Undefined Weak Reference
    _printf_wc                                - Undefined Weak Reference
    _rand_init                                - Undefined Weak Reference
    _signal_finish                            - Undefined Weak Reference
    _signal_init                              - Undefined Weak Reference
    _terminateio                              - Undefined Weak Reference
    __Vectors_Size                           0x00000130   Number         0  startup_stm32f10x_hd.o ABSOLUTE
    __Vectors                                0x08000000   Data           4  startup_stm32f10x_hd.o(RESET)
    __Vectors_End                            0x08000130   Data           0  startup_stm32f10x_hd.o(RESET)
    __main                                   0x08000131   Thumb Code     8  __main.o(!!!main)
    __scatterload                            0x08000139   Thumb Code     0  __scatter.o(!!!scatter)
    __scatterload_rt2                        0x08000139   Thumb Code    44  __scatter.o(!!!scatter)
    __scatterload_rt2_thumb_only             0x08000139   Thumb Code     0  __scatter.o(!!!scatter)
    __scatterload_null                       0x08000147   Thumb Code     0  __scatter.o(!!!scatter)
    __scatterload_copy                       0x0800016d   Thumb Code    26  __scatter_copy.o(!!handler_copy)
    __scatterload_zeroinit                   0x08000189   Thumb Code    28  __scatter_zi.o(!!handler_zi)
    _printf_n                                0x080001a5   Thumb Code     0  _printf_n.o(.ARM.Collect$$_printf_percent$$00000001)
    _printf_percent                          0x080001a5   Thumb Code     0  _printf_percent.o(.ARM.Collect$$_printf_percent$$00000000)
    _printf_p                                0x080001ab   Thumb Code     0  _printf_p.o(.ARM.Collect$$_printf_percent$$00000002)
    _printf_f                                0x080001b1   Thumb Code     0  _printf_f.o(.ARM.Collect$$_printf_percent$$00000003)
    _printf_e                                0x080001b7   Thumb Code     0  _printf_e.o(.ARM.Collect$$_printf_percent$$00000004)
    _printf_g                                0x080001bd   Thumb Code     0  _printf_g.o(.ARM.Collect$$_printf_percent$$00000005)
    _printf_a                                0x080001c3   Thumb Code     0  _printf_a.o(.ARM.Collect$$_printf_percent$$00000006)
    _printf_ll                               0x080001c9   Thumb Code     0  _printf_ll.o(.ARM.Collect$$_printf_percent$$00000007)
    _printf_i                                0x080001d3   Thumb Code     0  _printf_i.o(.ARM.Collect$$_printf_percent$$00000008)
    _printf_d                                0x080001d9   Thumb Code     0  _printf_d.o(.ARM.Collect$$_printf_percent$$00000009)
    _printf_u                                0x080001df   Thumb Code     0  _printf_u.o(.ARM.Collect$$_printf_percent$$0000000A)
    _printf_o                                0x080001e5   Thumb Code     0  _printf_o.o(.ARM.Collect$$_printf_percent$$0000000B)
    _printf_x                                0x080001eb   Thumb Code     0  _printf_x.o(.ARM.Collect$$_printf_percent$$0000000C)
    _printf_lli                              0x080001f1   Thumb Code     0  _printf_lli.o(.ARM.Collect$$_printf_percent$$0000000D)
    _printf_lld                              0x080001f7   Thumb Code     0  _printf_lld.o(.ARM.Collect$$_printf_percent$$0000000E)
    _printf_llu                              0x080001fd   Thumb Code     0  _printf_llu.o(.ARM.Collect$$_printf_percent$$0000000F)
    _printf_llo                              0x08000203   Thumb Code     0  _printf_llo.o(.ARM.Collect$$_printf_percent$$00000010)
    _printf_llx                              0x08000209   Thumb Code     0  _printf_llx.o(.ARM.Collect$$_printf_percent$$00000011)
    _printf_l                                0x0800020f   Thumb Code     0  _printf_l.o(.ARM.Collect$$_printf_percent$$00000012)
    _printf_c                                0x08000219   Thumb Code     0  _printf_c.o(.ARM.Collect$$_printf_percent$$00000013)
    _printf_s                                0x0800021f   Thumb Code     0  _printf_s.o(.ARM.Collect$$_printf_percent$$00000014)
    _printf_lc                               0x08000225   Thumb Code     0  _printf_lc.o(.ARM.Collect$$_printf_percent$$00000015)
    _printf_ls                               0x0800022b   Thumb Code     0  _printf_ls.o(.ARM.Collect$$_printf_percent$$00000016)
    _printf_percent_end                      0x08000231   Thumb Code     0  _printf_percent_end.o(.ARM.Collect$$_printf_percent$$00000017)
    __rt_lib_init                            0x08000235   Thumb Code     0  libinit.o(.ARM.Collect$$libinit$$00000000)
    __rt_lib_init_fp_1                       0x08000237   Thumb Code     0  libinit2.o(.ARM.Collect$$libinit$$00000002)
    __rt_lib_init_heap_2                     0x08000237   Thumb Code     0  libinit2.o(.ARM.Collect$$libinit$$00000003)
    __rt_lib_init_heap_1                     0x0800023f   Thumb Code     0  libinit2.o(.ARM.Collect$$libinit$$00000008)
    __rt_lib_init_lc_common                  0x0800023f   Thumb Code     0  libinit2.o(.ARM.Collect$$libinit$$0000000D)
    __rt_lib_init_rand_1                     0x0800023f   Thumb Code     0  libinit2.o(.ARM.Collect$$libinit$$0000000C)
    __rt_lib_init_user_alloc_1               0x0800023f   Thumb Code     0  libinit2.o(.ARM.Collect$$libinit$$0000000A)
    __rt_lib_init_lc_collate_1               0x08000245   Thumb Code     0  libinit2.o(.ARM.Collect$$libinit$$0000000F)
    __rt_lib_init_lc_ctype_2                 0x08000245   Thumb Code     0  libinit2.o(.ARM.Collect$$libinit$$00000010)
    __rt_lib_init_lc_ctype_1                 0x08000251   Thumb Code     0  libinit2.o(.ARM.Collect$$libinit$$00000011)
    __rt_lib_init_lc_monetary_1              0x08000251   Thumb Code     0  libinit2.o(.ARM.Collect$$libinit$$00000013)
    __rt_lib_init_lc_numeric_2               0x08000251   Thumb Code     0  libinit2.o(.ARM.Collect$$libinit$$00000014)
    __rt_lib_init_lc_numeric_1               0x0800025b   Thumb Code     0  libinit2.o(.ARM.Collect$$libinit$$00000015)
    __rt_lib_init_lc_time_2                  0x0800025b   Thumb Code     0  libinit2.o(.ARM.Collect$$libinit$$00000016)
    __rt_lib_init_alloca_1                   0x08000265   Thumb Code     0  libinit2.o(.ARM.Collect$$libinit$$0000002C)
    __rt_lib_init_argv_1                     0x08000265   Thumb Code     0  libinit2.o(.ARM.Collect$$libinit$$0000002A)
    __rt_lib_init_atexit_1                   0x08000265   Thumb Code     0  libinit2.o(.ARM.Collect$$libinit$$00000019)
    __rt_lib_init_clock_1                    0x08000265   Thumb Code     0  libinit2.o(.ARM.Collect$$libinit$$0000001F)
    __rt_lib_init_cpp_1                      0x08000265   Thumb Code     0  libinit2.o(.ARM.Collect$$libinit$$00000030)
    __rt_lib_init_exceptions_1               0x08000265   Thumb Code     0  libinit2.o(.ARM.Collect$$libinit$$0000002E)
    __rt_lib_init_fp_trap_1                  0x08000265   Thumb Code     0  libinit2.o(.ARM.Collect$$libinit$$0000001D)
    __rt_lib_init_getenv_1                   0x08000265   Thumb Code     0  libinit2.o(.ARM.Collect$$libinit$$00000021)
    __rt_lib_init_lc_time_1                  0x08000265   Thumb Code     0  libinit2.o(.ARM.Collect$$libinit$$00000017)
    __rt_lib_init_return                     0x08000265   Thumb Code     0  libinit2.o(.ARM.Collect$$libinit$$00000031)
    __rt_lib_init_signal_1                   0x08000265   Thumb Code     0  libinit2.o(.ARM.Collect$$libinit$$0000001B)
    __rt_lib_init_stdio_1                    0x08000265   Thumb Code     0  libinit2.o(.ARM.Collect$$libinit$$00000023)
    __rt_lib_shutdown                        0x08000267   Thumb Code     0  libshutdown.o(.ARM.Collect$$libshutdown$$00000000)
    __rt_lib_shutdown_fp_trap_1              0x08000269   Thumb Code     0  libshutdown2.o(.ARM.Collect$$libshutdown$$00000006)
    __rt_lib_shutdown_heap_1                 0x08000269   Thumb Code     0  libshutdown2.o(.ARM.Collect$$libshutdown$$0000000E)
    __rt_lib_shutdown_return                 0x08000269   Thumb Code     0  libshutdown2.o(.ARM.Collect$$libshutdown$$0000000F)
    __rt_lib_shutdown_signal_1               0x08000269   Thumb Code     0  libshutdown2.o(.ARM.Collect$$libshutdown$$00000009)
    __rt_lib_shutdown_stdio_1                0x08000269   Thumb Code     0  libshutdown2.o(.ARM.Collect$$libshutdown$$00000003)
    __rt_lib_shutdown_user_alloc_1           0x08000269   Thumb Code     0  libshutdown2.o(.ARM.Collect$$libshutdown$$0000000B)
    __rt_entry                               0x0800026b   Thumb Code     0  rtentry.o(.ARM.Collect$$rtentry$$00000000)
    __rt_entry_presh_1                       0x0800026b   Thumb Code     0  rtentry2.o(.ARM.Collect$$rtentry$$00000002)
    __rt_entry_sh                            0x0800026b   Thumb Code     0  rtentry4.o(.ARM.Collect$$rtentry$$00000004)
    __rt_entry_li                            0x08000271   Thumb Code     0  rtentry2.o(.ARM.Collect$$rtentry$$0000000A)
    __rt_entry_postsh_1                      0x08000271   Thumb Code     0  rtentry2.o(.ARM.Collect$$rtentry$$00000009)
    __rt_entry_main                          0x08000275   Thumb Code     0  rtentry2.o(.ARM.Collect$$rtentry$$0000000D)
    __rt_entry_postli_1                      0x08000275   Thumb Code     0  rtentry2.o(.ARM.Collect$$rtentry$$0000000C)
    __rt_exit                                0x0800027d   Thumb Code     0  rtexit.o(.ARM.Collect$$rtexit$$00000000)
    __rt_exit_ls                             0x0800027f   Thumb Code     0  rtexit2.o(.ARM.Collect$$rtexit$$00000003)
    __rt_exit_prels_1                        0x0800027f   Thumb Code     0  rtexit2.o(.ARM.Collect$$rtexit$$00000002)
    __rt_exit_exit                           0x08000283   Thumb Code     0  rtexit2.o(.ARM.Collect$$rtexit$$00000004)
    _maybe_terminate_alloc                   0x08000289   Thumb Code     0  maybetermalloc1.o(.emb_text)
    SystemInit                               0x08000351   Thumb Code    78  system_stm32f10x.o(.text)
    SystemCoreClockUpdate                    0x0800039f   Thumb Code   142  system_stm32f10x.o(.text)
    Reset_Handler                            0x08000459   Thumb Code     8  startup_stm32f10x_hd.o(.text)
    ADC1_2_IRQHandler                        0x08000473   Thumb Code     0  startup_stm32f10x_hd.o(.text)
    ADC3_IRQHandler                          0x08000473   Thumb Code     0  startup_stm32f10x_hd.o(.text)
    CAN1_RX1_IRQHandler                      0x08000473   Thumb Code     0  startup_stm32f10x_hd.o(.text)
    CAN1_SCE_IRQHandler                      0x08000473   Thumb Code     0  startup_stm32f10x_hd.o(.text)
    DMA1_Channel1_IRQHandler                 0x08000473   Thumb Code     0  startup_stm32f10x_hd.o(.text)
    DMA1_Channel2_IRQHandler                 0x08000473   Thumb Code     0  startup_stm32f10x_hd.o(.text)
    DMA1_Channel3_IRQHandler                 0x08000473   Thumb Code     0  startup_stm32f10x_hd.o(.text)
    DMA1_Channel4_IRQHandler                 0x08000473   Thumb Code     0  startup_stm32f10x_hd.o(.text)
    DMA1_Channel5_IRQHandler                 0x08000473   Thumb Code     0  startup_stm32f10x_hd.o(.text)
    DMA1_Channel6_IRQHandler                 0x08000473   Thumb Code     0  startup_stm32f10x_hd.o(.text)
    DMA1_Channel7_IRQHandler                 0x08000473   Thumb Code     0  startup_stm32f10x_hd.o(.text)
    DMA2_Channel1_IRQHandler                 0x08000473   Thumb Code     0  startup_stm32f10x_hd.o(.text)
    DMA2_Channel2_IRQHandler                 0x08000473   Thumb Code     0  startup_stm32f10x_hd.o(.text)
    DMA2_Channel3_IRQHandler                 0x08000473   Thumb Code     0  startup_stm32f10x_hd.o(.text)
    DMA2_Channel4_5_IRQHandler               0x08000473   Thumb Code     0  startup_stm32f10x_hd.o(.text)
    EXTI1_IRQHandler                         0x08000473   Thumb Code     0  startup_stm32f10x_hd.o(.text)
    EXTI3_IRQHandler                         0x08000473   Thumb Code     0  startup_stm32f10x_hd.o(.text)
    EXTI4_IRQHandler                         0x08000473   Thumb Code     0  startup_stm32f10x_hd.o(.text)
    EXTI9_5_IRQHandler                       0x08000473   Thumb Code     0  startup_stm32f10x_hd.o(.text)
    FLASH_IRQHandler                         0x08000473   Thumb Code     0  startup_stm32f10x_hd.o(.text)
    FSMC_IRQHandler                          0x08000473   Thumb Code     0  startup_stm32f10x_hd.o(.text)
    I2C1_ER_IRQHandler                       0x08000473   Thumb Code     0  startup_stm32f10x_hd.o(.text)
    I2C1_EV_IRQHandler                       0x08000473   Thumb Code     0  startup_stm32f10x_hd.o(.text)
    I2C2_ER_IRQHandler                       0x08000473   Thumb Code     0  startup_stm32f10x_hd.o(.text)
    I2C2_EV_IRQHandler                       0x08000473   Thumb Code     0  startup_stm32f10x_hd.o(.text)
    PVD_IRQHandler                           0x08000473   Thumb Code     0  startup_stm32f10x_hd.o(.text)
    RCC_IRQHandler                           0x08000473   Thumb Code     0  startup_stm32f10x_hd.o(.text)
    RTCAlarm_IRQHandler                      0x08000473   Thumb Code     0  startup_stm32f10x_hd.o(.text)
    SDIO_IRQHandler                          0x08000473   Thumb Code     0  startup_stm32f10x_hd.o(.text)
    SPI1_IRQHandler                          0x08000473   Thumb Code     0  startup_stm32f10x_hd.o(.text)
    SPI2_IRQHandler                          0x08000473   Thumb Code     0  startup_stm32f10x_hd.o(.text)
    SPI3_IRQHandler                          0x08000473   Thumb Code     0  startup_stm32f10x_hd.o(.text)
    TAMPER_IRQHandler                        0x08000473   Thumb Code     0  startup_stm32f10x_hd.o(.text)
    TIM1_BRK_IRQHandler                      0x08000473   Thumb Code     0  startup_stm32f10x_hd.o(.text)
    TIM1_CC_IRQHandler                       0x08000473   Thumb Code     0  startup_stm32f10x_hd.o(.text)
    TIM1_TRG_COM_IRQHandler                  0x08000473   Thumb Code     0  startup_stm32f10x_hd.o(.text)
    TIM1_UP_IRQHandler                       0x08000473   Thumb Code     0  startup_stm32f10x_hd.o(.text)
    TIM2_IRQHandler                          0x08000473   Thumb Code     0  startup_stm32f10x_hd.o(.text)
    TIM3_IRQHandler                          0x08000473   Thumb Code     0  startup_stm32f10x_hd.o(.text)
    TIM4_IRQHandler                          0x08000473   Thumb Code     0  startup_stm32f10x_hd.o(.text)
    TIM5_IRQHandler                          0x08000473   Thumb Code     0  startup_stm32f10x_hd.o(.text)
    TIM6_IRQHandler                          0x08000473   Thumb Code     0  startup_stm32f10x_hd.o(.text)
    TIM7_IRQHandler                          0x08000473   Thumb Code     0  startup_stm32f10x_hd.o(.text)
    TIM8_BRK_IRQHandler                      0x08000473   Thumb Code     0  startup_stm32f10x_hd.o(.text)
    TIM8_CC_IRQHandler                       0x08000473   Thumb Code     0  startup_stm32f10x_hd.o(.text)
    TIM8_TRG_COM_IRQHandler                  0x08000473   Thumb Code     0  startup_stm32f10x_hd.o(.text)
    TIM8_UP_IRQHandler                       0x08000473   Thumb Code     0  startup_stm32f10x_hd.o(.text)
    UART4_IRQHandler                         0x08000473   Thumb Code     0  startup_stm32f10x_hd.o(.text)
    UART5_IRQHandler                         0x08000473   Thumb Code     0  startup_stm32f10x_hd.o(.text)
    USART3_IRQHandler                        0x08000473   Thumb Code     0  startup_stm32f10x_hd.o(.text)
    USBWakeUp_IRQHandler                     0x08000473   Thumb Code     0  startup_stm32f10x_hd.o(.text)
    USB_HP_CAN1_TX_IRQHandler                0x08000473   Thumb Code     0  startup_stm32f10x_hd.o(.text)
    USB_LP_CAN1_RX0_IRQHandler               0x08000473   Thumb Code     0  startup_stm32f10x_hd.o(.text)
    WWDG_IRQHandler                          0x08000473   Thumb Code     0  startup_stm32f10x_hd.o(.text)
    __user_initial_stackheap                 0x08000475   Thumb Code     0  startup_stm32f10x_hd.o(.text)
    main                                     0x08000499   Thumb Code    72  main.o(.text)
    NMI_Handler                              0x08000509   Thumb Code     2  stm32f10x_it.o(.text)
    HardFault_Handler                        0x0800050b   Thumb Code     4  stm32f10x_it.o(.text)
    MemManage_Handler                        0x0800050f   Thumb Code     4  stm32f10x_it.o(.text)
    BusFault_Handler                         0x08000513   Thumb Code     4  stm32f10x_it.o(.text)
    UsageFault_Handler                       0x08000517   Thumb Code     4  stm32f10x_it.o(.text)
    SVC_Handler                              0x0800051b   Thumb Code     2  stm32f10x_it.o(.text)
    DebugMon_Handler                         0x0800051d   Thumb Code     2  stm32f10x_it.o(.text)
    PendSV_Handler                           0x0800051f   Thumb Code     2  stm32f10x_it.o(.text)
    SysTick_Handler                          0x08000521   Thumb Code     2  stm32f10x_it.o(.text)
    EXTI0_IRQHandler                         0x08000523   Thumb Code     2  stm32f10x_it.o(.text)
    USART1_IRQHandler                        0x08000525   Thumb Code     2  stm32f10x_it.o(.text)
    USART2_IRQHandler                        0x08000527   Thumb Code   122  stm32f10x_it.o(.text)
    RTC_IRQHandler                           0x080005a1   Thumb Code     2  stm32f10x_it.o(.text)
    NVIC_PriorityGroupConfig                 0x080005bd   Thumb Code    10  misc.o(.text)
    NVIC_Init                                0x080005c7   Thumb Code   102  misc.o(.text)
    NVIC_SetVectorTable                      0x0800062d   Thumb Code    14  misc.o(.text)
    NVIC_SystemLPConfig                      0x0800063b   Thumb Code    34  misc.o(.text)
    SysTick_CLKSourceConfig                  0x0800065d   Thumb Code    40  misc.o(.text)
    EXTI_DeInit                              0x08000699   Thumb Code    28  stm32f10x_exti.o(.text)
    EXTI_Init                                0x080006b5   Thumb Code   142  stm32f10x_exti.o(.text)
    EXTI_StructInit                          0x08000743   Thumb Code    16  stm32f10x_exti.o(.text)
    EXTI_GenerateSWInterrupt                 0x08000753   Thumb Code    16  stm32f10x_exti.o(.text)
    EXTI_GetFlagStatus                       0x08000763   Thumb Code    22  stm32f10x_exti.o(.text)
    EXTI_ClearFlag                           0x08000779   Thumb Code     8  stm32f10x_exti.o(.text)
    EXTI_GetITStatus                         0x08000781   Thumb Code    34  stm32f10x_exti.o(.text)
    EXTI_ClearITPendingBit                   0x080007a3   Thumb Code     8  stm32f10x_exti.o(.text)
    GPIO_DeInit                              0x080007b5   Thumb Code   172  stm32f10x_gpio.o(.text)
    GPIO_AFIODeInit                          0x08000861   Thumb Code    20  stm32f10x_gpio.o(.text)
    GPIO_Init                                0x08000875   Thumb Code   274  stm32f10x_gpio.o(.text)
    GPIO_StructInit                          0x08000987   Thumb Code    16  stm32f10x_gpio.o(.text)
    GPIO_ReadInputDataBit                    0x08000997   Thumb Code    18  stm32f10x_gpio.o(.text)
    GPIO_ReadInputData                       0x080009a9   Thumb Code     8  stm32f10x_gpio.o(.text)
    GPIO_ReadOutputDataBit                   0x080009b1   Thumb Code    18  stm32f10x_gpio.o(.text)
    GPIO_ReadOutputData                      0x080009c3   Thumb Code     8  stm32f10x_gpio.o(.text)
    GPIO_SetBits                             0x080009cb   Thumb Code     4  stm32f10x_gpio.o(.text)
    GPIO_ResetBits                           0x080009cf   Thumb Code     4  stm32f10x_gpio.o(.text)
    GPIO_WriteBit                            0x080009d3   Thumb Code    10  stm32f10x_gpio.o(.text)
    GPIO_Write                               0x080009dd   Thumb Code     4  stm32f10x_gpio.o(.text)
    GPIO_PinLockConfig                       0x080009e1   Thumb Code    18  stm32f10x_gpio.o(.text)
    GPIO_EventOutputConfig                   0x080009f3   Thumb Code    26  stm32f10x_gpio.o(.text)
    GPIO_EventOutputCmd                      0x08000a0d   Thumb Code     6  stm32f10x_gpio.o(.text)
    GPIO_PinRemapConfig                      0x08000a13   Thumb Code   138  stm32f10x_gpio.o(.text)
    GPIO_EXTILineConfig                      0x08000a9d   Thumb Code    66  stm32f10x_gpio.o(.text)
    GPIO_ETH_MediaInterfaceConfig            0x08000adf   Thumb Code     6  stm32f10x_gpio.o(.text)
    RCC_DeInit                               0x08000b0d   Thumb Code    64  stm32f10x_rcc.o(.text)
    RCC_HSEConfig                            0x08000b4d   Thumb Code    70  stm32f10x_rcc.o(.text)
    RCC_GetFlagStatus                        0x08000b93   Thumb Code    56  stm32f10x_rcc.o(.text)
    RCC_WaitForHSEStartUp                    0x08000bcb   Thumb Code    48  stm32f10x_rcc.o(.text)
    RCC_AdjustHSICalibrationValue            0x08000bfb   Thumb Code    20  stm32f10x_rcc.o(.text)
    RCC_HSICmd                               0x08000c0f   Thumb Code     6  stm32f10x_rcc.o(.text)
    RCC_PLLConfig                            0x08000c15   Thumb Code    24  stm32f10x_rcc.o(.text)
    RCC_PLLCmd                               0x08000c2d   Thumb Code     6  stm32f10x_rcc.o(.text)
    RCC_SYSCLKConfig                         0x08000c33   Thumb Code    18  stm32f10x_rcc.o(.text)
    RCC_GetSYSCLKSource                      0x08000c45   Thumb Code    10  stm32f10x_rcc.o(.text)
    RCC_HCLKConfig                           0x08000c4f   Thumb Code    18  stm32f10x_rcc.o(.text)
    RCC_PCLK1Config                          0x08000c61   Thumb Code    18  stm32f10x_rcc.o(.text)
    RCC_PCLK2Config                          0x08000c73   Thumb Code    20  stm32f10x_rcc.o(.text)
    RCC_ITConfig                             0x08000c87   Thumb Code    26  stm32f10x_rcc.o(.text)
    RCC_USBCLKConfig                         0x08000ca1   Thumb Code     6  stm32f10x_rcc.o(.text)
    RCC_ADCCLKConfig                         0x08000ca7   Thumb Code    18  stm32f10x_rcc.o(.text)
    RCC_LSEConfig                            0x08000cb9   Thumb Code    44  stm32f10x_rcc.o(.text)
    RCC_LSICmd                               0x08000ce5   Thumb Code     6  stm32f10x_rcc.o(.text)
    RCC_RTCCLKConfig                         0x08000ceb   Thumb Code    12  stm32f10x_rcc.o(.text)
    RCC_RTCCLKCmd                            0x08000cf7   Thumb Code     8  stm32f10x_rcc.o(.text)
    RCC_GetClocksFreq                        0x08000cff   Thumb Code   192  stm32f10x_rcc.o(.text)
    RCC_AHBPeriphClockCmd                    0x08000dbf   Thumb Code    26  stm32f10x_rcc.o(.text)
    RCC_APB2PeriphClockCmd                   0x08000dd9   Thumb Code    26  stm32f10x_rcc.o(.text)
    RCC_APB1PeriphClockCmd                   0x08000df3   Thumb Code    26  stm32f10x_rcc.o(.text)
    RCC_APB2PeriphResetCmd                   0x08000e0d   Thumb Code    26  stm32f10x_rcc.o(.text)
    RCC_APB1PeriphResetCmd                   0x08000e27   Thumb Code    26  stm32f10x_rcc.o(.text)
    RCC_BackupResetCmd                       0x08000e41   Thumb Code     8  stm32f10x_rcc.o(.text)
    RCC_ClockSecuritySystemCmd               0x08000e49   Thumb Code     6  stm32f10x_rcc.o(.text)
    RCC_MCOConfig                            0x08000e4f   Thumb Code     6  stm32f10x_rcc.o(.text)
    RCC_ClearFlag                            0x08000e55   Thumb Code    14  stm32f10x_rcc.o(.text)
    RCC_GetITStatus                          0x08000e63   Thumb Code    20  stm32f10x_rcc.o(.text)
    RCC_ClearITPendingBit                    0x08000e77   Thumb Code     6  stm32f10x_rcc.o(.text)
    USART_DeInit                             0x08000eb1   Thumb Code   134  stm32f10x_usart.o(.text)
    USART_Init                               0x08000f37   Thumb Code   210  stm32f10x_usart.o(.text)
    USART_StructInit                         0x08001009   Thumb Code    24  stm32f10x_usart.o(.text)
    USART_ClockInit                          0x08001021   Thumb Code    34  stm32f10x_usart.o(.text)
    USART_ClockStructInit                    0x08001043   Thumb Code    12  stm32f10x_usart.o(.text)
    USART_Cmd                                0x0800104f   Thumb Code    24  stm32f10x_usart.o(.text)
    USART_ITConfig                           0x08001067   Thumb Code    74  stm32f10x_usart.o(.text)
    USART_DMACmd                             0x080010b1   Thumb Code    18  stm32f10x_usart.o(.text)
    USART_SetAddress                         0x080010c3   Thumb Code    18  stm32f10x_usart.o(.text)
    USART_WakeUpConfig                       0x080010d5   Thumb Code    18  stm32f10x_usart.o(.text)
    USART_ReceiverWakeUpCmd                  0x080010e7   Thumb Code    24  stm32f10x_usart.o(.text)
    USART_LINBreakDetectLengthConfig         0x080010ff   Thumb Code    18  stm32f10x_usart.o(.text)
    USART_LINCmd                             0x08001111   Thumb Code    24  stm32f10x_usart.o(.text)
    USART_SendData                           0x08001129   Thumb Code     8  stm32f10x_usart.o(.text)
    USART_ReceiveData                        0x08001131   Thumb Code    10  stm32f10x_usart.o(.text)
    USART_SendBreak                          0x0800113b   Thumb Code    10  stm32f10x_usart.o(.text)
    USART_SetGuardTime                       0x08001145   Thumb Code    16  stm32f10x_usart.o(.text)
    USART_SetPrescaler                       0x08001155   Thumb Code    16  stm32f10x_usart.o(.text)
    USART_SmartCardCmd                       0x08001165   Thumb Code    24  stm32f10x_usart.o(.text)
    USART_SmartCardNACKCmd                   0x0800117d   Thumb Code    24  stm32f10x_usart.o(.text)
    USART_HalfDuplexCmd                      0x08001195   Thumb Code    24  stm32f10x_usart.o(.text)
    USART_OverSampling8Cmd                   0x080011ad   Thumb Code    22  stm32f10x_usart.o(.text)
    USART_OneBitMethodCmd                    0x080011c3   Thumb Code    24  stm32f10x_usart.o(.text)
    USART_IrDAConfig                         0x080011db   Thumb Code    18  stm32f10x_usart.o(.text)
    USART_IrDACmd                            0x080011ed   Thumb Code    24  stm32f10x_usart.o(.text)
    USART_GetFlagStatus                      0x08001205   Thumb Code    26  stm32f10x_usart.o(.text)
    USART_ClearFlag                          0x0800121f   Thumb Code    18  stm32f10x_usart.o(.text)
    USART_GetITStatus                        0x08001231   Thumb Code    84  stm32f10x_usart.o(.text)
    USART_ClearITPendingBit                  0x08001285   Thumb Code    52  stm32f10x_usart.o(.text)
    USART1_Init                              0x080012b9   Thumb Code   152  usart1.o(.text)
    usart1_write                             0x08001351   Thumb Code    50  usart1.o(.text)
    USART2_Init                              0x0800138d   Thumb Code   158  usart2.o(.text)
    usart2_write                             0x0800142b   Thumb Code    56  usart2.o(.text)
    LED_Init                                 0x0800146d   Thumb Code    76  led.o(.text)
    LED_CmdCtl                               0x080014b9   Thumb Code   208  led.o(.text)
    LED_Switch                               0x08001589   Thumb Code   176  led.o(.text)
    LED_GetValue                             0x08001639   Thumb Code   106  led.o(.text)
    mDelay                                   0x08001701   Thumb Code    26  key.o(.text)
    KEY_Init                                 0x0800171b   Thumb Code   350  key.o(.text)
    EXTI15_10_IRQHandler                     0x08001879   Thumb Code   202  key.o(.text)
    EXTI2_IRQHandler                         0x08001943   Thumb Code    64  key.o(.text)
    cJSON_GetErrorPtr                        0x08001991   Thumb Code     6  cjson.o(.text)
    cJSON_InitHooks                          0x08001a0d   Thumb Code    48  cjson.o(.text)
    cJSON_Delete                             0x08001a57   Thumb Code    82  cjson.o(.text)
    cJSON_ParseWithOpts                      0x08002601   Thumb Code    96  cjson.o(.text)
    cJSON_Parse                              0x08002661   Thumb Code    16  cjson.o(.text)
    cJSON_Print                              0x08002df1   Thumb Code    18  cjson.o(.text)
    cJSON_PrintUnformatted                   0x08002e03   Thumb Code    18  cjson.o(.text)
    cJSON_PrintBuffered                      0x08002e15   Thumb Code    54  cjson.o(.text)
    cJSON_GetArraySize                       0x08002e4b   Thumb Code    18  cjson.o(.text)
    cJSON_GetArrayItem                       0x08002e5d   Thumb Code    18  cjson.o(.text)
    cJSON_GetObjectItem                      0x08002e6f   Thumb Code    30  cjson.o(.text)
    cJSON_AddItemToArray                     0x08002ec3   Thumb Code    42  cjson.o(.text)
    cJSON_AddItemToObject                    0x08002eed   Thumb Code    44  cjson.o(.text)
    cJSON_AddItemToObjectCS                  0x08002f19   Thumb Code    54  cjson.o(.text)
    cJSON_AddItemReferenceToArray            0x08002f4f   Thumb Code    24  cjson.o(.text)
    cJSON_AddItemReferenceToObject           0x08002f67   Thumb Code    32  cjson.o(.text)
    cJSON_DetachItemFromArray                0x08002f87   Thumb Code    66  cjson.o(.text)
    cJSON_DeleteItemFromArray                0x08002fc9   Thumb Code    22  cjson.o(.text)
    cJSON_DetachItemFromObject               0x08002fdf   Thumb Code    50  cjson.o(.text)
    cJSON_DeleteItemFromObject               0x08003011   Thumb Code    22  cjson.o(.text)
    cJSON_InsertItemInArray                  0x08003027   Thumb Code    64  cjson.o(.text)
    cJSON_ReplaceItemInArray                 0x08003067   Thumb Code    76  cjson.o(.text)
    cJSON_ReplaceItemInObject                0x080030b3   Thumb Code    62  cjson.o(.text)
    cJSON_CreateNull                         0x080030f1   Thumb Code    18  cjson.o(.text)
    cJSON_CreateTrue                         0x08003103   Thumb Code    18  cjson.o(.text)
    cJSON_CreateFalse                        0x08003115   Thumb Code    18  cjson.o(.text)
    cJSON_CreateBool                         0x08003127   Thumb Code    26  cjson.o(.text)
    cJSON_CreateNumber                       0x08003141   Thumb Code    36  cjson.o(.text)
    cJSON_CreateString                       0x08003165   Thumb Code    28  cjson.o(.text)
    cJSON_CreateArray                        0x08003181   Thumb Code    18  cjson.o(.text)
    cJSON_CreateObject                       0x08003193   Thumb Code    18  cjson.o(.text)
    cJSON_CreateIntArray                     0x080031a5   Thumb Code    68  cjson.o(.text)
    cJSON_CreateFloatArray                   0x080031e9   Thumb Code    68  cjson.o(.text)
    cJSON_CreateDoubleArray                  0x0800322d   Thumb Code    68  cjson.o(.text)
    cJSON_CreateStringArray                  0x08003271   Thumb Code    62  cjson.o(.text)
    cJSON_Duplicate                          0x080032af   Thumb Code   180  cjson.o(.text)
    cJSON_Minify                             0x08003363   Thumb Code   186  cjson.o(.text)
    assert                                   0x0800341d   Thumb Code     2  edpkit.o(.text)
    NewBuffer                                0x08003449   Thumb Code    36  edpkit.o(.text)
    DeleteBuffer                             0x0800346d   Thumb Code    26  edpkit.o(.text)
    CheckCapacity                            0x08003487   Thumb Code    90  edpkit.o(.text)
    ReadByte                                 0x080034e1   Thumb Code    36  edpkit.o(.text)
    ReadBytes                                0x08003505   Thumb Code    56  edpkit.o(.text)
    ReadUint16                               0x0800353d   Thumb Code    54  edpkit.o(.text)
    ReadUint32                               0x08003573   Thumb Code    54  edpkit.o(.text)
    ReadStr                                  0x080035a9   Thumb Code   102  edpkit.o(.text)
    ReadRemainlen                            0x0800360f   Thumb Code    82  edpkit.o(.text)
    WriteByte                                0x08003661   Thumb Code    54  edpkit.o(.text)
    WriteBytes                               0x08003697   Thumb Code    64  edpkit.o(.text)
    WriteUint16                              0x080036d7   Thumb Code    50  edpkit.o(.text)
    WriteUint32                              0x08003709   Thumb Code    74  edpkit.o(.text)
    WriteStr                                 0x08003753   Thumb Code    62  edpkit.o(.text)
    WriteRemainlen                           0x08003791   Thumb Code    80  edpkit.o(.text)
    PacketConnect1                           0x080037e1   Thumb Code   122  edpkit.o(.text)
    PacketConnect2                           0x0800385b   Thumb Code   126  edpkit.o(.text)
    PacketPushdata                           0x080038d9   Thumb Code    70  edpkit.o(.text)
    PacketSavedataJson                       0x0800391f   Thumb Code   142  edpkit.o(.text)
    PacketSavedataInt                        0x08003e91   Thumb Code    98  edpkit.o(.text)
    PacketSavedataDouble                     0x08003ef3   Thumb Code   112  edpkit.o(.text)
    PacketSavedataString                     0x08003f63   Thumb Code    98  edpkit.o(.text)
    UnpackSavedataJson                       0x08003fc5   Thumb Code    68  edpkit.o(.text)
    UnpackSavedataInt                        0x0800455b   Thumb Code    88  edpkit.o(.text)
    UnpackSavedataDouble                     0x080045b3   Thumb Code    88  edpkit.o(.text)
    UnpackSavedataString                     0x0800460b   Thumb Code    88  edpkit.o(.text)
    UnpackSavedataAck                        0x08004663   Thumb Code    86  edpkit.o(.text)
    PacketSavedataBin                        0x080046b9   Thumb Code   200  edpkit.o(.text)
    PacketSavedataBinStr                     0x08004781   Thumb Code   182  edpkit.o(.text)
    PacketCmdResp                            0x08004837   Thumb Code    98  edpkit.o(.text)
    PacketPing                               0x08004899   Thumb Code    30  edpkit.o(.text)
    IsPkgComplete                            0x080048b7   Thumb Code    96  edpkit.o(.text)
    GetEdpPacket                             0x08004917   Thumb Code    80  edpkit.o(.text)
    EdpPacketType                            0x08004967   Thumb Code    22  edpkit.o(.text)
    UnpackConnectResp                        0x0800497d   Thumb Code    76  edpkit.o(.text)
    UnpackPushdata                           0x080049c9   Thumb Code   102  edpkit.o(.text)
    UnpackSavedata                           0x08004a2f   Thumb Code    88  edpkit.o(.text)
    UnpackSavedataBin                        0x08004a87   Thumb Code   108  edpkit.o(.text)
    UnpackSavedataBinStr                     0x08004af3   Thumb Code    88  edpkit.o(.text)
    UnpackCmdReq                             0x08004b4b   Thumb Code   128  edpkit.o(.text)
    UnpackPingResp                           0x08004bcb   Thumb Code    44  edpkit.o(.text)
    PacketSavedataSimpleString               0x08004bf7   Thumb Code   120  edpkit.o(.text)
    UnpackSavedataSimpleString               0x08004c6f   Thumb Code    26  edpkit.o(.text)
    SendCmd                                  0x08004c8d   Thumb Code    92  esp8266.o(.text)
    ESP8266_Init                             0x08004ce9   Thumb Code    74  esp8266.o(.text)
    GetSendBuf                               0x08004d33   Thumb Code   182  esp8266.o(.text)
    ESP8266_DevLink                          0x08004de9   Thumb Code   150  esp8266.o(.text)
    ESP8266_CheckStatus                      0x08004e7f   Thumb Code   134  esp8266.o(.text)
    ESP8266_SendDat                          0x08004f05   Thumb Code   126  esp8266.o(.text)
    malloc                                   0x080050dd   Thumb Code    94  h1_alloc.o(.text)
    free                                     0x0800513b   Thumb Code    78  h1_free.o(.text)
    tolower                                  0x08005189   Thumb Code    26  tolower.o(.text)
    __2sprintf                               0x080051a5   Thumb Code    38  __2sprintf.o(.text)
    _printf_pre_padding                      0x080051d1   Thumb Code    46  _printf_pad.o(.text)
    _printf_post_padding                     0x080051ff   Thumb Code    36  _printf_pad.o(.text)
    _printf_int_dec                          0x08005225   Thumb Code   102  _printf_dec.o(.text)
    _printf_longlong_hex                     0x0800529d   Thumb Code    92  _printf_hex_int_ll_ptr.o(.text)
    _printf_int_hex                          0x080052f9   Thumb Code    28  _printf_hex_int_ll_ptr.o(.text)
    _printf_ll_hex                           0x08005315   Thumb Code    12  _printf_hex_int_ll_ptr.o(.text)
    _printf_hex_ptr                          0x08005321   Thumb Code    18  _printf_hex_int_ll_ptr.o(.text)
    __printf                                 0x08005339   Thumb Code   390  __printf_flags_ss_wp.o(.text)
    strchr                                   0x080054c5   Thumb Code    20  strchr.o(.text)
    strstr                                   0x080054d9   Thumb Code    36  strstr.o(.text)
    strcpy                                   0x080054fd   Thumb Code    72  strcpy.o(.text)
    strlen                                   0x08005545   Thumb Code    62  strlen.o(.text)
    strncmp                                  0x08005583   Thumb Code   150  strncmp.o(.text)
    strcat                                   0x08005619   Thumb Code    24  strcat.o(.text)
    __aeabi_memcpy                           0x08005631   Thumb Code     0  rt_memcpy_v6.o(.text)
    __rt_memcpy                              0x08005631   Thumb Code   138  rt_memcpy_v6.o(.text)
    _memcpy_lastbytes                        0x08005697   Thumb Code     0  rt_memcpy_v6.o(.text)
    __aeabi_memmove                          0x080056bb   Thumb Code     0  rt_memmove_v6.o(.text)
    __rt_memmove                             0x080056bb   Thumb Code   132  rt_memmove_v6.o(.text)
    __memmove_lastfew                        0x0800571b   Thumb Code     0  rt_memmove_v6.o(.text)
    __aeabi_memcpy4                          0x0800573f   Thumb Code     0  rt_memcpy_w.o(.text)
    __aeabi_memcpy8                          0x0800573f   Thumb Code     0  rt_memcpy_w.o(.text)
    __rt_memcpy_w                            0x0800573f   Thumb Code   100  rt_memcpy_w.o(.text)
    _memcpy_lastbytes_aligned                0x08005787   Thumb Code     0  rt_memcpy_w.o(.text)
    __aeabi_memclr                           0x080057a3   Thumb Code     0  rt_memclr.o(.text)
    __rt_memclr                              0x080057a3   Thumb Code    68  rt_memclr.o(.text)
    _memset                                  0x080057a7   Thumb Code     0  rt_memclr.o(.text)
    __aeabi_memclr4                          0x080057e7   Thumb Code     0  rt_memclr_w.o(.text)
    __aeabi_memclr8                          0x080057e7   Thumb Code     0  rt_memclr_w.o(.text)
    __rt_memclr_w                            0x080057e7   Thumb Code    78  rt_memclr_w.o(.text)
    _memset_w                                0x080057eb   Thumb Code     0  rt_memclr_w.o(.text)
    strncpy                                  0x08005835   Thumb Code    86  strncpy.o(.text)
    strftime                                 0x080058cd   Thumb Code   638  strftime.o(.text)
    _localtime_r                             0x08005bf5   Thumb Code   158  localtime_internal.o(.text)
    localtime_r                              0x08005bf5   Thumb Code     0  localtime_internal.o(.text)
    __use_two_region_memory                  0x08005c99   Thumb Code     2  heapauxi.o(.text)
    __rt_heap_escrow                         0x08005c9b   Thumb Code     2  heapauxi.o(.text)
    __rt_heap_expand                         0x08005c9d   Thumb Code     2  heapauxi.o(.text)
    __rt_ctype_table                         0x08005ca1   Thumb Code    16  rt_ctype_table.o(.text)
    __rt_heap_descriptor                     0x08005cb1   Thumb Code     8  rt_heap_descriptor_intlibspace.o(.text)
    __rt_locale                              0x08005cb9   Thumb Code     8  rt_locale_intlibspace.o(.text)
    __use_no_heap                            0x08005cc1   Thumb Code     2  hguard.o(.text)
    __heap$guard                             0x08005cc3   Thumb Code     2  hguard.o(.text)
    _terminate_user_alloc                    0x08005cc5   Thumb Code     2  init_alloc.o(.text)
    _init_user_alloc                         0x08005cc7   Thumb Code     2  init_alloc.o(.text)
    __Heap_Full                              0x08005cc9   Thumb Code    34  init_alloc.o(.text)
    __Heap_Broken                            0x08005ceb   Thumb Code     6  init_alloc.o(.text)
    _init_alloc                              0x08005cf1   Thumb Code    94  init_alloc.o(.text)
    __Heap_Initialize                        0x08005d4f   Thumb Code    10  h1_init.o(.text)
    __Heap_DescSize                          0x08005d59   Thumb Code     4  h1_init.o(.text)
    __read_errno                             0x08005d5d   Thumb Code    10  _rserrno.o(.text)
    __set_errno                              0x08005d67   Thumb Code    12  _rserrno.o(.text)
    sprintf                                  0x08005d75   Thumb Code    38  sprintf.o(.text)
    _printf_int_common                       0x08005da1   Thumb Code   184  _printf_intcommon.o(.text)
    __lib_sel_fp_printf                      0x08005e59   Thumb Code     2  _printf_fp_dec.o(.text)
    _printf_fp_dec_real                      0x08006005   Thumb Code   628  _printf_fp_dec.o(.text)
    _printf_char_common                      0x08006283   Thumb Code    32  _printf_char_common.o(.text)
    _sputc                                   0x080062a9   Thumb Code    10  _sputc.o(.text)
    __aeabi_memmove4                         0x080062b3   Thumb Code     0  rt_memmove_w.o(.text)
    __aeabi_memmove8                         0x080062b3   Thumb Code     0  rt_memmove_w.o(.text)
    __rt_memmove_w                           0x080062b3   Thumb Code   122  rt_memmove_w.o(.text)
    __memmove_aligned                        0x080062d9   Thumb Code     0  rt_memmove_w.o(.text)
    __memmove_lastfew_aligned                0x08006311   Thumb Code     0  rt_memmove_w.o(.text)
    __user_libspace                          0x0800632d   Thumb Code     8  libspace.o(.text)
    __user_perproc_libspace                  0x0800632d   Thumb Code     0  libspace.o(.text)
    __user_perthread_libspace                0x0800632d   Thumb Code     0  libspace.o(.text)
    __aeabi_errno_addr                       0x08006335   Thumb Code     8  rt_errno_addr_intlibspace.o(.text)
    __errno$intlibspace                      0x08006335   Thumb Code     0  rt_errno_addr_intlibspace.o(.text)
    __rt_errno_addr$intlibspace              0x08006335   Thumb Code     0  rt_errno_addr_intlibspace.o(.text)
    __Heap_ProvideMemory                     0x0800633d   Thumb Code    52  h1_extend.o(.text)
    _ll_udiv10                               0x08006371   Thumb Code   138  lludiv10.o(.text)
    _printf_truncate_signed                  0x080063fb   Thumb Code    18  _printf_truncate.o(.text)
    _printf_truncate_unsigned                0x0800640d   Thumb Code    18  _printf_truncate.o(.text)
    _printf_str                              0x0800641f   Thumb Code    82  _printf_str.o(.text)
    _printf_charcount                        0x08006471   Thumb Code    42  _printf_charcount.o(.text)
    _printf_fp_infnan                        0x0800649d   Thumb Code   112  _printf_fp_infnan.o(.text)
    _printf_wctomb                           0x0800651d   Thumb Code   182  _printf_wctomb.o(.text)
    _printf_longlong_dec                     0x080065d9   Thumb Code   104  _printf_longlong_dec.o(.text)
    _printf_longlong_oct                     0x08006651   Thumb Code    76  _printf_oct_int_ll.o(.text)
    _printf_int_oct                          0x0800669d   Thumb Code    24  _printf_oct_int_ll.o(.text)
    _printf_ll_oct                           0x080066b5   Thumb Code    12  _printf_oct_int_ll.o(.text)
    _btod_etento                             0x080066c9   Thumb Code   222  bigflt0.o(.text)
    __rt_SIGRTMEM                            0x080067ad   Thumb Code    14  defsig_rtmem_outer.o(.text)
    strcmp                                   0x080067bd   Thumb Code   128  strcmpv7m.o(.text)
    __I$use$semihosting                      0x0800683d   Thumb Code     0  use_no_semi.o(.text)
    __use_no_semihosting_swi                 0x0800683d   Thumb Code     2  use_no_semi.o(.text)
    __semihosting_library_function           0x0800683f   Thumb Code     0  indicate_semi.o(.text)
    __user_setup_stackheap                   0x0800683f   Thumb Code    74  sys_stackheap_outer.o(.text)
    _printf_fp_hex_real                      0x08006889   Thumb Code   762  _printf_fp_hex.o(.text)
    _printf_cs_common                        0x08006b8d   Thumb Code    20  _printf_char.o(.text)
    _printf_char                             0x08006ba1   Thumb Code    16  _printf_char.o(.text)
    _printf_string                           0x08006bb1   Thumb Code     8  _printf_char.o(.text)
    _printf_lcs_common                       0x08006bb9   Thumb Code    20  _printf_wchar.o(.text)
    _printf_wchar                            0x08006bcd   Thumb Code    16  _printf_wchar.o(.text)
    _printf_wstring                          0x08006bdd   Thumb Code     8  _printf_wchar.o(.text)
    _wcrtomb                                 0x08006be5   Thumb Code    64  _wcrtomb.o(.text)
    exit                                     0x08006c25   Thumb Code    12  exit.o(.text)
    __sig_exit                               0x08006c31   Thumb Code    10  defsig_exit.o(.text)
    __rt_SIGRTMEM_inner                      0x08006c3d   Thumb Code    22  defsig_rtmem_inner.o(.text)
    _sys_exit                                0x08006c8d   Thumb Code     8  sys_exit.o(.text)
    __default_signal_display                 0x08006c99   Thumb Code    50  defsig_general.o(.text)
    _ttywrch                                 0x08006ccb   Thumb Code    14  sys_wrch.o(.text)
    _btod_d2e                                0x08006cd9   Thumb Code    62  btod.o(CL$$btod_d2e)
    _d2e_denorm_low                          0x08006d17   Thumb Code    70  btod.o(CL$$btod_d2e_denorm_low)
    _d2e_norm_op1                            0x08006d5d   Thumb Code    96  btod.o(CL$$btod_d2e_norm_op1)
    __btod_div_common                        0x08006dbd   Thumb Code   696  btod.o(CL$$btod_div_common)
    _e2e                                     0x080070f5   Thumb Code   198  btod.o(CL$$btod_e2e)
    _btod_ediv                               0x080071bb   Thumb Code    40  btod.o(CL$$btod_ediv)
    _btod_emul                               0x080071e3   Thumb Code    40  btod.o(CL$$btod_emul)
    __btod_mult_common                       0x0800720b   Thumb Code   580  btod.o(CL$$btod_mult_common)
    __ARM_fpclassify                         0x0800744f   Thumb Code    40  fpclassify.o(i.__ARM_fpclassify)
    __kernel_poly                            0x08007477   Thumb Code   170  poly.o(i.__kernel_poly)
    __mathlib_dbl_underflow                  0x08007521   Thumb Code    10  dunder.o(i.__mathlib_dbl_underflow)
    _is_digit                                0x08007531   Thumb Code    14  __printf_wp.o(i._is_digit)
    floor                                    0x08007541   Thumb Code   204  floor.o(i.floor)
    pow                                      0x0800761d   Thumb Code  2510  pow.o(i.pow)
    sqrt                                     0x08007ffd   Thumb Code    78  sqrt.o(i.sqrt)
    _get_lc_time                             0x0800804d   Thumb Code    44  lc_time_c.o(locale$$code)
    _get_lc_ctype                            0x08008079   Thumb Code    44  lc_ctype_c.o(locale$$code)
    _get_lc_numeric                          0x080080a5   Thumb Code    44  lc_numeric_c.o(locale$$code)
    __aeabi_dadd                             0x080080d1   Thumb Code     0  daddsub_clz.o(x$fpl$dadd)
    _dadd                                    0x080080d1   Thumb Code   332  daddsub_clz.o(x$fpl$dadd)
    __fpl_dcheck_NaN1                        0x08008221   Thumb Code    10  dcheck1.o(x$fpl$dcheck1)
    __fpl_dcmp_Inf                           0x08008231   Thumb Code    24  dcmpi.o(x$fpl$dcmpinf)
    __aeabi_ddiv                             0x08008249   Thumb Code     0  ddiv.o(x$fpl$ddiv)
    _ddiv                                    0x08008249   Thumb Code   552  ddiv.o(x$fpl$ddiv)
    __aeabi_cdcmpeq                          0x080084f9   Thumb Code     0  deqf.o(x$fpl$deqf)
    _dcmpeq                                  0x080084f9   Thumb Code   120  deqf.o(x$fpl$deqf)
    __aeabi_d2iz                             0x08008571   Thumb Code     0  dfix.o(x$fpl$dfix)
    _dfix                                    0x08008571   Thumb Code    94  dfix.o(x$fpl$dfix)
    __aeabi_i2d                              0x080085cf   Thumb Code     0  dflt_clz.o(x$fpl$dflt)
    _dflt                                    0x080085cf   Thumb Code    46  dflt_clz.o(x$fpl$dflt)
    __aeabi_cdcmple                          0x080085fd   Thumb Code     0  dleqf.o(x$fpl$dleqf)
    _dcmple                                  0x080085fd   Thumb Code   120  dleqf.o(x$fpl$dleqf)
    __fpl_dcmple_InfNaN                      0x0800865f   Thumb Code     0  dleqf.o(x$fpl$dleqf)
    __aeabi_dmul                             0x08008675   Thumb Code     0  dmul.o(x$fpl$dmul)
    _dmul                                    0x08008675   Thumb Code   332  dmul.o(x$fpl$dmul)
    __fpl_dnaninf                            0x080087c9   Thumb Code   156  dnaninf.o(x$fpl$dnaninf)
    __fpl_dretinf                            0x08008865   Thumb Code    12  dretinf.o(x$fpl$dretinf)
    __aeabi_cdrcmple                         0x08008871   Thumb Code     0  drleqf.o(x$fpl$drleqf)
    _drcmple                                 0x08008871   Thumb Code   108  drleqf.o(x$fpl$drleqf)
    __aeabi_drsub                            0x080088dd   Thumb Code     0  daddsub_clz.o(x$fpl$drsb)
    _drsb                                    0x080088dd   Thumb Code    22  daddsub_clz.o(x$fpl$drsb)
    _dsqrt                                   0x080088f5   Thumb Code   456  dsqrt_noumaal.o(x$fpl$dsqrt)
    __aeabi_dsub                             0x08008ac1   Thumb Code     0  daddsub_clz.o(x$fpl$dsub)
    _dsub                                    0x08008ac1   Thumb Code   464  daddsub_clz.o(x$fpl$dsub)
    __aeabi_f2d                              0x08008c95   Thumb Code     0  f2d.o(x$fpl$f2d)
    _f2d                                     0x08008c95   Thumb Code    86  f2d.o(x$fpl$f2d)
    __fpl_fnaninf                            0x08008ceb   Thumb Code   140  fnaninf.o(x$fpl$fnaninf)
    _printf_fp_dec                           0x08008d77   Thumb Code     4  printf1.o(x$fpl$printf1)
    _printf_fp_hex                           0x08008d7b   Thumb Code     4  printf2.o(x$fpl$printf2)
    __fpl_return_NaN                         0x08008d7f   Thumb Code   100  retnan.o(x$fpl$retnan)
    __ARM_scalbn                             0x08008de3   Thumb Code    92  scalbn.o(x$fpl$scalbn)
    __fpl_cmpreturn                          0x08008e3f   Thumb Code    48  trapv.o(x$fpl$trapveneer)
    __I$use$fp                               0x08008e6e   Number         0  usenofp.o(x$fpl$usenofp)
    _monlen                                  0x08008f38   Data          12  _monlen.o(.constdata)
    __mathlib_zero                           0x08008f48   Data           8  qnan.o(.constdata)
    Region$$Table$$Base                      0x08009014   Number         0  anon$$obj.o(Region$$Table)
    Region$$Table$$Limit                     0x08009034   Number         0  anon$$obj.o(Region$$Table)
    __ctype                                  0x080091b9   Data           0  lc_ctype_c.o(locale$$data)
    SystemCoreClock                          0x20000000   Data           4  system_stm32f10x.o(.data)
    AHBPrescTable                            0x20000004   Data          16  system_stm32f10x.o(.data)
    rcv_cmd_start                            0x20000028   Data           1  usart2.o(.data)
    rcv_cmd_flag                             0x20000029   Data           1  usart2.o(.data)
    usart2_rcv_len                           0x2000002c   Data           4  usart2.o(.data)
    usart2_cmd_len                           0x20000030   Data           4  usart2.o(.data)
    red_value                                0x20000034   Data           1  led.o(.data)
    yellow_value                             0x20000035   Data           1  led.o(.data)
    blue_value                               0x20000036   Data           1  led.o(.data)
    green_value                              0x20000037   Data           1  led.o(.data)
    send_pkg                                 0x20000044   Data           4  esp8266.o(.data)
    usart2_rcv_buf                           0x20000048   Data        1024  usart2.o(.bss)
    usart2_cmd_buf                           0x20000448   Data         256  usart2.o(.bss)
    send_buf                                 0x20000548   Data        1024  esp8266.o(.bss)
    __libspace_start                         0x20000948   Data          96  libspace.o(.bss)
    __temporary_stack_top$libspace           0x200009a8   Data           0  libspace.o(.bss)



==============================================================================

Memory Map of the image

  Image Entry point : 0x08000131

  Load Region LR_IROM1 (Base: 0x08000000, Size: 0x00009320, Max: 0x00080000, ABSOLUTE)

    Execution Region ER_IROM1 (Base: 0x08000000, Size: 0x000092d8, Max: 0x00080000, ABSOLUTE)

    Base Addr    Size         Type   Attr      Idx    E Section Name        Object

    0x08000000   0x00000130   Data   RO          116    RESET               startup_stm32f10x_hd.o
    0x08000130   0x00000008   Code   RO          598  * !!!main             c_w.l(__main.o)
    0x08000138   0x00000034   Code   RO         1041    !!!scatter          c_w.l(__scatter.o)
    0x0800016c   0x0000001a   Code   RO         1043    !!handler_copy      c_w.l(__scatter_copy.o)
    0x08000186   0x00000002   PAD
    0x08000188   0x0000001c   Code   RO         1045    !!handler_zi        c_w.l(__scatter_zi.o)
    0x080001a4   0x00000000   Code   RO          567    .ARM.Collect$$_printf_percent$$00000000  c_w.l(_printf_percent.o)
    0x080001a4   0x00000006   Code   RO          829    .ARM.Collect$$_printf_percent$$00000001  c_w.l(_printf_n.o)
    0x080001aa   0x00000006   Code   RO          830    .ARM.Collect$$_printf_percent$$00000002  c_w.l(_printf_p.o)
    0x080001b0   0x00000006   Code   RO          565    .ARM.Collect$$_printf_percent$$00000003  c_w.l(_printf_f.o)
    0x080001b6   0x00000006   Code   RO          566    .ARM.Collect$$_printf_percent$$00000004  c_w.l(_printf_e.o)
    0x080001bc   0x00000006   Code   RO          834    .ARM.Collect$$_printf_percent$$00000005  c_w.l(_printf_g.o)
    0x080001c2   0x00000006   Code   RO          835    .ARM.Collect$$_printf_percent$$00000006  c_w.l(_printf_a.o)
    0x080001c8   0x0000000a   Code   RO          839    .ARM.Collect$$_printf_percent$$00000007  c_w.l(_printf_ll.o)
    0x080001d2   0x00000006   Code   RO          832    .ARM.Collect$$_printf_percent$$00000008  c_w.l(_printf_i.o)
    0x080001d8   0x00000006   Code   RO          564    .ARM.Collect$$_printf_percent$$00000009  c_w.l(_printf_d.o)
    0x080001de   0x00000006   Code   RO          833    .ARM.Collect$$_printf_percent$$0000000A  c_w.l(_printf_u.o)
    0x080001e4   0x00000006   Code   RO          831    .ARM.Collect$$_printf_percent$$0000000B  c_w.l(_printf_o.o)
    0x080001ea   0x00000006   Code   RO          563    .ARM.Collect$$_printf_percent$$0000000C  c_w.l(_printf_x.o)
    0x080001f0   0x00000006   Code   RO          836    .ARM.Collect$$_printf_percent$$0000000D  c_w.l(_printf_lli.o)
    0x080001f6   0x00000006   Code   RO          837    .ARM.Collect$$_printf_percent$$0000000E  c_w.l(_printf_lld.o)
    0x080001fc   0x00000006   Code   RO          838    .ARM.Collect$$_printf_percent$$0000000F  c_w.l(_printf_llu.o)
    0x08000202   0x00000006   Code   RO          843    .ARM.Collect$$_printf_percent$$00000010  c_w.l(_printf_llo.o)
    0x08000208   0x00000006   Code   RO          844    .ARM.Collect$$_printf_percent$$00000011  c_w.l(_printf_llx.o)
    0x0800020e   0x0000000a   Code   RO          840    .ARM.Collect$$_printf_percent$$00000012  c_w.l(_printf_l.o)
    0x08000218   0x00000006   Code   RO          827    .ARM.Collect$$_printf_percent$$00000013  c_w.l(_printf_c.o)
    0x0800021e   0x00000006   Code   RO          828    .ARM.Collect$$_printf_percent$$00000014  c_w.l(_printf_s.o)
    0x08000224   0x00000006   Code   RO          841    .ARM.Collect$$_printf_percent$$00000015  c_w.l(_printf_lc.o)
    0x0800022a   0x00000006   Code   RO          842    .ARM.Collect$$_printf_percent$$00000016  c_w.l(_printf_ls.o)
    0x08000230   0x00000004   Code   RO          689    .ARM.Collect$$_printf_percent$$00000017  c_w.l(_printf_percent_end.o)
    0x08000234   0x00000002   Code   RO          975    .ARM.Collect$$libinit$$00000000  c_w.l(libinit.o)
    0x08000236   0x00000000   Code   RO          699    .ARM.Collect$$libinit$$00000002  c_w.l(libinit2.o)
    0x08000236   0x00000008   Code   RO          700    .ARM.Collect$$libinit$$00000003  c_w.l(libinit2.o)
    0x0800023e   0x00000000   Code   RO          702    .ARM.Collect$$libinit$$00000008  c_w.l(libinit2.o)
    0x0800023e   0x00000000   Code   RO          704    .ARM.Collect$$libinit$$0000000A  c_w.l(libinit2.o)
    0x0800023e   0x00000000   Code   RO          706    .ARM.Collect$$libinit$$0000000C  c_w.l(libinit2.o)
    0x0800023e   0x00000006   Code   RO          707    .ARM.Collect$$libinit$$0000000D  c_w.l(libinit2.o)
    0x08000244   0x00000000   Code   RO          709    .ARM.Collect$$libinit$$0000000F  c_w.l(libinit2.o)
    0x08000244   0x0000000c   Code   RO          710    .ARM.Collect$$libinit$$00000010  c_w.l(libinit2.o)
    0x08000250   0x00000000   Code   RO          711    .ARM.Collect$$libinit$$00000011  c_w.l(libinit2.o)
    0x08000250   0x00000000   Code   RO          713    .ARM.Collect$$libinit$$00000013  c_w.l(libinit2.o)
    0x08000250   0x0000000a   Code   RO          714    .ARM.Collect$$libinit$$00000014  c_w.l(libinit2.o)
    0x0800025a   0x00000000   Code   RO          715    .ARM.Collect$$libinit$$00000015  c_w.l(libinit2.o)
    0x0800025a   0x0000000a   Code   RO          716    .ARM.Collect$$libinit$$00000016  c_w.l(libinit2.o)
    0x08000264   0x00000000   Code   RO          717    .ARM.Collect$$libinit$$00000017  c_w.l(libinit2.o)
    0x08000264   0x00000000   Code   RO          719    .ARM.Collect$$libinit$$00000019  c_w.l(libinit2.o)
    0x08000264   0x00000000   Code   RO          721    .ARM.Collect$$libinit$$0000001B  c_w.l(libinit2.o)
    0x08000264   0x00000000   Code   RO          723    .ARM.Collect$$libinit$$0000001D  c_w.l(libinit2.o)
    0x08000264   0x00000000   Code   RO          725    .ARM.Collect$$libinit$$0000001F  c_w.l(libinit2.o)
    0x08000264   0x00000000   Code   RO          727    .ARM.Collect$$libinit$$00000021  c_w.l(libinit2.o)
    0x08000264   0x00000000   Code   RO          729    .ARM.Collect$$libinit$$00000023  c_w.l(libinit2.o)
    0x08000264   0x00000000   Code   RO          733    .ARM.Collect$$libinit$$0000002A  c_w.l(libinit2.o)
    0x08000264   0x00000000   Code   RO          735    .ARM.Collect$$libinit$$0000002C  c_w.l(libinit2.o)
    0x08000264   0x00000000   Code   RO          737    .ARM.Collect$$libinit$$0000002E  c_w.l(libinit2.o)
    0x08000264   0x00000000   Code   RO          739    .ARM.Collect$$libinit$$00000030  c_w.l(libinit2.o)
    0x08000264   0x00000002   Code   RO          740    .ARM.Collect$$libinit$$00000031  c_w.l(libinit2.o)
    0x08000266   0x00000002   Code   RO         1038    .ARM.Collect$$libshutdown$$00000000  c_w.l(libshutdown.o)
    0x08000268   0x00000000   Code   RO          994    .ARM.Collect$$libshutdown$$00000003  c_w.l(libshutdown2.o)
    0x08000268   0x00000000   Code   RO          997    .ARM.Collect$$libshutdown$$00000006  c_w.l(libshutdown2.o)
    0x08000268   0x00000000   Code   RO         1000    .ARM.Collect$$libshutdown$$00000009  c_w.l(libshutdown2.o)
    0x08000268   0x00000000   Code   RO         1002    .ARM.Collect$$libshutdown$$0000000B  c_w.l(libshutdown2.o)
    0x08000268   0x00000000   Code   RO         1005    .ARM.Collect$$libshutdown$$0000000E  c_w.l(libshutdown2.o)
    0x08000268   0x00000002   Code   RO         1006    .ARM.Collect$$libshutdown$$0000000F  c_w.l(libshutdown2.o)
    0x0800026a   0x00000000   Code   RO          644    .ARM.Collect$$rtentry$$00000000  c_w.l(rtentry.o)
    0x0800026a   0x00000000   Code   RO          777    .ARM.Collect$$rtentry$$00000002  c_w.l(rtentry2.o)
    0x0800026a   0x00000006   Code   RO          789    .ARM.Collect$$rtentry$$00000004  c_w.l(rtentry4.o)
    0x08000270   0x00000000   Code   RO          779    .ARM.Collect$$rtentry$$00000009  c_w.l(rtentry2.o)
    0x08000270   0x00000004   Code   RO          780    .ARM.Collect$$rtentry$$0000000A  c_w.l(rtentry2.o)
    0x08000274   0x00000000   Code   RO          782    .ARM.Collect$$rtentry$$0000000C  c_w.l(rtentry2.o)
    0x08000274   0x00000008   Code   RO          783    .ARM.Collect$$rtentry$$0000000D  c_w.l(rtentry2.o)
    0x0800027c   0x00000002   Code   RO          980    .ARM.Collect$$rtexit$$00000000  c_w.l(rtexit.o)
    0x0800027e   0x00000000   Code   RO         1012    .ARM.Collect$$rtexit$$00000002  c_w.l(rtexit2.o)
    0x0800027e   0x00000004   Code   RO         1013    .ARM.Collect$$rtexit$$00000003  c_w.l(rtexit2.o)
    0x08000282   0x00000006   Code   RO         1014    .ARM.Collect$$rtexit$$00000004  c_w.l(rtexit2.o)
    0x08000288   0x00000000   Code   RO          798    .emb_text           c_w.l(maybetermalloc1.o)
    0x08000288   0x000001d0   Code   RO           17    .text               system_stm32f10x.o
    0x08000458   0x00000040   Code   RO          117    .text               startup_stm32f10x_hd.o
    0x08000498   0x00000070   Code   RO          121    .text               main.o
    0x08000508   0x000000b4   Code   RO          181    .text               stm32f10x_it.o
    0x080005bc   0x000000dc   Code   RO          207    .text               misc.o
    0x08000698   0x0000011c   Code   RO          219    .text               stm32f10x_exti.o
    0x080007b4   0x00000358   Code   RO          243    .text               stm32f10x_gpio.o
    0x08000b0c   0x000003a4   Code   RO          267    .text               stm32f10x_rcc.o
    0x08000eb0   0x00000408   Code   RO          281    .text               stm32f10x_usart.o
    0x080012b8   0x000000d4   Code   RO          293    .text               usart1.o
    0x0800138c   0x000000e0   Code   RO          312    .text               usart2.o
    0x0800146c   0x00000294   Code   RO          331    .text               led.o
    0x08001700   0x00000290   Code   RO          349    .text               key.o
    0x08001990   0x00001a8c   Code   RO          361    .text               cjson.o
    0x0800341c   0x00001870   Code   RO          403    .text               edpkit.o
    0x08004c8c   0x00000450   Code   RO          427    .text               esp8266.o
    0x080050dc   0x0000005e   Code   RO          452    .text               c_w.l(h1_alloc.o)
    0x0800513a   0x0000004e   Code   RO          454    .text               c_w.l(h1_free.o)
    0x08005188   0x0000001a   Code   RO          510    .text               c_w.l(tolower.o)
    0x080051a2   0x00000002   PAD
    0x080051a4   0x0000002c   Code   RO          512    .text               c_w.l(__2sprintf.o)
    0x080051d0   0x00000052   Code   RO          518    .text               c_w.l(_printf_pad.o)
    0x08005222   0x00000002   PAD
    0x08005224   0x00000078   Code   RO          520    .text               c_w.l(_printf_dec.o)
    0x0800529c   0x0000009c   Code   RO          540    .text               c_w.l(_printf_hex_int_ll_ptr.o)
    0x08005338   0x0000018c   Code   RO          560    .text               c_w.l(__printf_flags_ss_wp.o)
    0x080054c4   0x00000014   Code   RO          568    .text               c_w.l(strchr.o)
    0x080054d8   0x00000024   Code   RO          570    .text               c_w.l(strstr.o)
    0x080054fc   0x00000048   Code   RO          572    .text               c_w.l(strcpy.o)
    0x08005544   0x0000003e   Code   RO          574    .text               c_w.l(strlen.o)
    0x08005582   0x00000096   Code   RO          576    .text               c_w.l(strncmp.o)
    0x08005618   0x00000018   Code   RO          578    .text               c_w.l(strcat.o)
    0x08005630   0x0000008a   Code   RO          580    .text               c_w.l(rt_memcpy_v6.o)
    0x080056ba   0x00000084   Code   RO          582    .text               c_w.l(rt_memmove_v6.o)
    0x0800573e   0x00000064   Code   RO          584    .text               c_w.l(rt_memcpy_w.o)
    0x080057a2   0x00000044   Code   RO          586    .text               c_w.l(rt_memclr.o)
    0x080057e6   0x0000004e   Code   RO          588    .text               c_w.l(rt_memclr_w.o)
    0x08005834   0x00000056   Code   RO          590    .text               c_w.l(strncpy.o)
    0x0800588a   0x00000002   PAD
    0x0800588c   0x00000368   Code   RO          592    .text               c_w.l(strftime.o)
    0x08005bf4   0x000000a4   Code   RO          594    .text               c_w.l(localtime_internal.o)
    0x08005c98   0x00000006   Code   RO          596    .text               c_w.l(heapauxi.o)
    0x08005c9e   0x00000002   PAD
    0x08005ca0   0x00000010   Code   RO          645    .text               c_w.l(rt_ctype_table.o)
    0x08005cb0   0x00000008   Code   RO          650    .text               c_w.l(rt_heap_descriptor_intlibspace.o)
    0x08005cb8   0x00000008   Code   RO          655    .text               c_w.l(rt_locale_intlibspace.o)
    0x08005cc0   0x00000004   Code   RO          657    .text               c_w.l(hguard.o)
    0x08005cc4   0x0000008a   Code   RO          659    .text               c_w.l(init_alloc.o)
    0x08005d4e   0x0000000e   Code   RO          663    .text               c_w.l(h1_init.o)
    0x08005d5c   0x00000016   Code   RO          677    .text               c_w.l(_rserrno.o)
    0x08005d72   0x00000002   PAD
    0x08005d74   0x0000002c   Code   RO          679    .text               c_w.l(sprintf.o)
    0x08005da0   0x000000b8   Code   RO          681    .text               c_w.l(_printf_intcommon.o)
    0x08005e58   0x00000420   Code   RO          683    .text               c_w.l(_printf_fp_dec.o)
    0x08006278   0x00000030   Code   RO          685    .text               c_w.l(_printf_char_common.o)
    0x080062a8   0x0000000a   Code   RO          687    .text               c_w.l(_sputc.o)
    0x080062b2   0x0000007a   Code   RO          693    .text               c_w.l(rt_memmove_w.o)
    0x0800632c   0x00000008   Code   RO          773    .text               c_w.l(libspace.o)
    0x08006334   0x00000008   Code   RO          794    .text               c_w.l(rt_errno_addr_intlibspace.o)
    0x0800633c   0x00000034   Code   RO          800    .text               c_w.l(h1_extend.o)
    0x08006370   0x0000008a   Code   RO          804    .text               c_w.l(lludiv10.o)
    0x080063fa   0x00000024   Code   RO          806    .text               c_w.l(_printf_truncate.o)
    0x0800641e   0x00000052   Code   RO          808    .text               c_w.l(_printf_str.o)
    0x08006470   0x0000002a   Code   RO          810    .text               c_w.l(_printf_charcount.o)
    0x0800649a   0x00000002   PAD
    0x0800649c   0x00000080   Code   RO          812    .text               c_w.l(_printf_fp_infnan.o)
    0x0800651c   0x000000bc   Code   RO          816    .text               c_w.l(_printf_wctomb.o)
    0x080065d8   0x00000078   Code   RO          819    .text               c_w.l(_printf_longlong_dec.o)
    0x08006650   0x00000078   Code   RO          825    .text               c_w.l(_printf_oct_int_ll.o)
    0x080066c8   0x000000e4   Code   RO          845    .text               c_w.l(bigflt0.o)
    0x080067ac   0x0000000e   Code   RO          891    .text               c_w.l(defsig_rtmem_outer.o)
    0x080067ba   0x00000002   PAD
    0x080067bc   0x00000080   Code   RO          895    .text               c_w.l(strcmpv7m.o)
    0x0800683c   0x00000002   Code   RO          916    .text               c_w.l(use_no_semi.o)
    0x0800683e   0x00000000   Code   RO          918    .text               c_w.l(indicate_semi.o)
    0x0800683e   0x0000004a   Code   RO          919    .text               c_w.l(sys_stackheap_outer.o)
    0x08006888   0x00000304   Code   RO          936    .text               c_w.l(_printf_fp_hex.o)
    0x08006b8c   0x0000002c   Code   RO          939    .text               c_w.l(_printf_char.o)
    0x08006bb8   0x0000002c   Code   RO          941    .text               c_w.l(_printf_wchar.o)
    0x08006be4   0x00000040   Code   RO          948    .text               c_w.l(_wcrtomb.o)
    0x08006c24   0x0000000c   Code   RO          960    .text               c_w.l(exit.o)
    0x08006c30   0x0000000a   Code   RO          962    .text               c_w.l(defsig_exit.o)
    0x08006c3a   0x00000002   PAD
    0x08006c3c   0x00000050   Code   RO          964    .text               c_w.l(defsig_rtmem_inner.o)
    0x08006c8c   0x0000000c   Code   RO          978    .text               c_w.l(sys_exit.o)
    0x08006c98   0x00000032   Code   RO          990    .text               c_w.l(defsig_general.o)
    0x08006cca   0x0000000e   Code   RO         1009    .text               c_w.l(sys_wrch.o)
    0x08006cd8   0x0000003e   Code   RO          848    CL$$btod_d2e        c_w.l(btod.o)
    0x08006d16   0x00000046   Code   RO          850    CL$$btod_d2e_denorm_low  c_w.l(btod.o)
    0x08006d5c   0x00000060   Code   RO          849    CL$$btod_d2e_norm_op1  c_w.l(btod.o)
    0x08006dbc   0x00000338   Code   RO          858    CL$$btod_div_common  c_w.l(btod.o)
    0x080070f4   0x000000c6   Code   RO          855    CL$$btod_e2e        c_w.l(btod.o)
    0x080071ba   0x00000028   Code   RO          852    CL$$btod_ediv       c_w.l(btod.o)
    0x080071e2   0x00000028   Code   RO          851    CL$$btod_emul       c_w.l(btod.o)
    0x0800720a   0x00000244   Code   RO          857    CL$$btod_mult_common  c_w.l(btod.o)
    0x0800744e   0x00000028   Code   RO          758    i.__ARM_fpclassify  m_ws.l(fpclassify.o)
    0x08007476   0x000000aa   Code   RO          760    i.__kernel_poly     m_ws.l(poly.o)
    0x08007520   0x00000010   Code   RO          756    i.__mathlib_dbl_underflow  m_ws.l(dunder.o)
    0x08007530   0x0000000e   Code   RO          553    i._is_digit         c_w.l(__printf_wp.o)
    0x0800753e   0x00000002   PAD
    0x08007540   0x000000dc   Code   RO          629    i.floor             m_ws.l(floor.o)
    0x0800761c   0x000009e0   Code   RO          633    i.pow               m_ws.l(pow.o)
    0x08007ffc   0x0000004e   Code   RO          764    i.sqrt              m_ws.l(sqrt.o)
    0x0800804a   0x00000002   PAD
    0x0800804c   0x0000002c   Code   RO          691    locale$$code        c_w.l(lc_time_c.o)
    0x08008078   0x0000002c   Code   RO          880    locale$$code        c_w.l(lc_ctype_c.o)
    0x080080a4   0x0000002c   Code   RO          883    locale$$code        c_w.l(lc_numeric_c.o)
    0x080080d0   0x00000150   Code   RO          600    x$fpl$dadd          fz_ws.l(daddsub_clz.o)
    0x08008220   0x00000010   Code   RO          902    x$fpl$dcheck1       fz_ws.l(dcheck1.o)
    0x08008230   0x00000018   Code   RO          741    x$fpl$dcmpinf       fz_ws.l(dcmpi.o)
    0x08008248   0x000002b0   Code   RO          744    x$fpl$ddiv          fz_ws.l(ddiv.o)
    0x080084f8   0x00000078   Code   RO          606    x$fpl$deqf          fz_ws.l(deqf.o)
    0x08008570   0x0000005e   Code   RO          608    x$fpl$dfix          fz_ws.l(dfix.o)
    0x080085ce   0x0000002e   Code   RO          613    x$fpl$dflt          fz_ws.l(dflt_clz.o)
    0x080085fc   0x00000078   Code   RO          618    x$fpl$dleqf         fz_ws.l(dleqf.o)
    0x08008674   0x00000154   Code   RO          620    x$fpl$dmul          fz_ws.l(dmul.o)
    0x080087c8   0x0000009c   Code   RO          747    x$fpl$dnaninf       fz_ws.l(dnaninf.o)
    0x08008864   0x0000000c   Code   RO          749    x$fpl$dretinf       fz_ws.l(dretinf.o)
    0x08008870   0x0000006c   Code   RO          622    x$fpl$drleqf        fz_ws.l(drleqf.o)
    0x080088dc   0x00000016   Code   RO          601    x$fpl$drsb          fz_ws.l(daddsub_clz.o)
    0x080088f2   0x00000002   PAD
    0x080088f4   0x000001cc   Code   RO          904    x$fpl$dsqrt         fz_ws.l(dsqrt_noumaal.o)
    0x08008ac0   0x000001d4   Code   RO          602    x$fpl$dsub          fz_ws.l(daddsub_clz.o)
    0x08008c94   0x00000056   Code   RO          624    x$fpl$f2d           fz_ws.l(f2d.o)
    0x08008cea   0x0000008c   Code   RO          751    x$fpl$fnaninf       fz_ws.l(fnaninf.o)
    0x08008d76   0x00000004   Code   RO          626    x$fpl$printf1       fz_ws.l(printf1.o)
    0x08008d7a   0x00000004   Code   RO          910    x$fpl$printf2       fz_ws.l(printf2.o)
    0x08008d7e   0x00000064   Code   RO          976    x$fpl$retnan        fz_ws.l(retnan.o)
    0x08008de2   0x0000005c   Code   RO          753    x$fpl$scalbn        fz_ws.l(scalbn.o)
    0x08008e3e   0x00000030   Code   RO         1007    x$fpl$trapveneer    fz_ws.l(trapv.o)
    0x08008e6e   0x00000000   Code   RO          755    x$fpl$usenofp       fz_ws.l(usenofp.o)
    0x08008e6e   0x00000007   Data   RO          362    .constdata          cjson.o
    0x08008e75   0x00000028   Data   RO          541    .constdata          c_w.l(_printf_hex_int_ll_ptr.o)
    0x08008e9d   0x00000011   Data   RO          561    .constdata          c_w.l(__printf_flags_ss_wp.o)
    0x08008eae   0x00000002   PAD
    0x08008eb0   0x00000088   Data   RO          634    .constdata          m_ws.l(pow.o)
    0x08008f38   0x0000000c   Data   RO          695    .constdata          c_w.l(_monlen.o)
    0x08008f44   0x00000004   PAD
    0x08008f48   0x00000008   Data   RO          762    .constdata          m_ws.l(qnan.o)
    0x08008f50   0x00000008   Data   RO          817    .constdata          c_w.l(_printf_wctomb.o)
    0x08008f58   0x00000094   Data   RO          846    .constdata          c_w.l(bigflt0.o)
    0x08008fec   0x00000026   Data   RO          937    .constdata          c_w.l(_printf_fp_hex.o)
    0x08009012   0x00000002   PAD
    0x08009014   0x00000020   Data   RO         1039    Region$$Table       anon$$obj.o
    0x08009034   0x00000178   Data   RO          690    locale$$data        c_w.l(lc_time_c.o)
    0x080091ac   0x00000110   Data   RO          879    locale$$data        c_w.l(lc_ctype_c.o)
    0x080092bc   0x0000001c   Data   RO          882    locale$$data        c_w.l(lc_numeric_c.o)


    Execution Region RW_IRAM1 (Base: 0x20000000, Size: 0x00000fa8, Max: 0x00010000, ABSOLUTE)

    Base Addr    Size         Type   Attr      Idx    E Section Name        Object

    0x20000000   0x00000014   Data   RW           18    .data               system_stm32f10x.o
    0x20000014   0x00000014   Data   RW          268    .data               stm32f10x_rcc.o
    0x20000028   0x0000000c   Data   RW          314    .data               usart2.o
    0x20000034   0x00000004   Data   RW          332    .data               led.o
    0x20000038   0x0000000c   Data   RW          363    .data               cjson.o
    0x20000044   0x00000004   Data   RW          429    .data               esp8266.o
    0x20000048   0x00000500   Zero   RW          313    .bss                usart2.o
    0x20000548   0x00000400   Zero   RW          428    .bss                esp8266.o
    0x20000948   0x00000060   Zero   RW          774    .bss                c_w.l(libspace.o)
    0x200009a8   0x00000200   Zero   RW          115    HEAP                startup_stm32f10x_hd.o
    0x20000ba8   0x00000400   Zero   RW          114    STACK               startup_stm32f10x_hd.o


==============================================================================

Image component sizes


      Code (inc. data)   RO Data    RW Data    ZI Data      Debug   Object Name

      6796        210          7         12          0      22836   cjson.o
         0          0          0          0          0       4244   core_cm3.o
      6256         86          0          0          0      34553   edpkit.o
      1104        346          0          4       1024       2402   esp8266.o
       656         14          0          0          0       1320   key.o
       660         94          0          4          0       1754   led.o
       112         40          0          0          0       2439   main.o
       220         20          0          0          0       1845   misc.o
        64         26        304          0       1536        808   startup_stm32f10x_hd.o
       284         10          0          0          0       2283   stm32f10x_exti.o
       856         40          0          0          0       5689   stm32f10x_gpio.o
       180         26          0          0          0       3082   stm32f10x_it.o
       932         52          0         20          0       8844   stm32f10x_rcc.o
      1032         22          0          0          0       8416   stm32f10x_usart.o
       464         44          0         20          0     231971   system_stm32f10x.o
       212         10          0          0          0       1183   usart1.o
       224         10          0         12       1280       1668   usart2.o

    ----------------------------------------------------------------------
     20052       1050        343         72       3840     335337   Object Totals
         0          0         32          0          0          0   (incl. Generated)
         0          0          0          0          0          0   (incl. Padding)

    ----------------------------------------------------------------------

      Code (inc. data)   RO Data    RW Data    ZI Data      Debug   Library Member Name

        44          6          0          0          0         84   __2sprintf.o
         8          0          0          0          0         68   __main.o
       396          6         17          0          0         92   __printf_flags_ss_wp.o
        14          0          0          0          0         68   __printf_wp.o
        52          8          0          0          0          0   __scatter.o
        26          0          0          0          0          0   __scatter_copy.o
        28          0          0          0          0          0   __scatter_zi.o
         0          0         12          0          0          0   _monlen.o
         6          0          0          0          0          0   _printf_a.o
         6          0          0          0          0          0   _printf_c.o
        44          0          0          0          0        108   _printf_char.o
        48          6          0          0          0         96   _printf_char_common.o
        42          0          0          0          0         68   _printf_charcount.o
         6          0          0          0          0          0   _printf_d.o
       120         18          0          0          0         92   _printf_dec.o
         6          0          0          0          0          0   _printf_e.o
         6          0          0          0          0          0   _printf_f.o
      1056          0          0          0          0        212   _printf_fp_dec.o
       772         10         38          0          0        100   _printf_fp_hex.o
       128         16          0          0          0         84   _printf_fp_infnan.o
         6          0          0          0          0          0   _printf_g.o
       156          6         40          0          0        160   _printf_hex_int_ll_ptr.o
         6          0          0          0          0          0   _printf_i.o
       184          0          0          0          0         88   _printf_intcommon.o
        10          0          0          0          0          0   _printf_l.o
         6          0          0          0          0          0   _printf_lc.o
        10          0          0          0          0          0   _printf_ll.o
         6          0          0          0          0          0   _printf_lld.o
         6          0          0          0          0          0   _printf_lli.o
         6          0          0          0          0          0   _printf_llo.o
         6          0          0          0          0          0   _printf_llu.o
         6          0          0          0          0          0   _printf_llx.o
       120         16          0          0          0         92   _printf_longlong_dec.o
         6          0          0          0          0          0   _printf_ls.o
         6          0          0          0          0          0   _printf_n.o
         6          0          0          0          0          0   _printf_o.o
       120          8          0          0          0        124   _printf_oct_int_ll.o
         6          0          0          0          0          0   _printf_p.o
        82          0          0          0          0        108   _printf_pad.o
         0          0          0          0          0          0   _printf_percent.o
         4          0          0          0          0          0   _printf_percent_end.o
         6          0          0          0          0          0   _printf_s.o
        82          0          0          0          0         80   _printf_str.o
        36          0          0          0          0         84   _printf_truncate.o
         6          0          0          0          0          0   _printf_u.o
        44          0          0          0          0        108   _printf_wchar.o
       188          6          8          0          0         92   _printf_wctomb.o
         6          0          0          0          0          0   _printf_x.o
        22          0          0          0          0        100   _rserrno.o
        10          0          0          0          0         68   _sputc.o
        64          0          0          0          0         92   _wcrtomb.o
       228          6        148          0          0         96   bigflt0.o
      1910        128          0          0          0        672   btod.o
        10          0          0          0          0         68   defsig_exit.o
        50          0          0          0          0         88   defsig_general.o
        80         58          0          0          0         76   defsig_rtmem_inner.o
        14          0          0          0          0         80   defsig_rtmem_outer.o
        12          0          0          0          0         72   exit.o
        94          0          0          0          0         80   h1_alloc.o
        52          0          0          0          0         68   h1_extend.o
        78          0          0          0          0         80   h1_free.o
        14          0          0          0          0         84   h1_init.o
         6          0          0          0          0        152   heapauxi.o
         4          0          0          0          0        136   hguard.o
         0          0          0          0          0          0   indicate_semi.o
       138          0          0          0          0        168   init_alloc.o
        44         10        272          0          0         76   lc_ctype_c.o
        44         10         28          0          0         76   lc_numeric_c.o
        44         10        376          0          0         76   lc_time_c.o
         2          0          0          0          0          0   libinit.o
        48          0          0          0          0          0   libinit2.o
         2          0          0          0          0          0   libshutdown.o
         2          0          0          0          0          0   libshutdown2.o
         8          4          0          0         96         68   libspace.o
       138          0          0          0          0         80   lludiv10.o
       164          6          0          0          0         80   localtime_internal.o
         0          0          0          0          0          0   maybetermalloc1.o
        16          4          0          0          0         76   rt_ctype_table.o
         8          4          0          0          0         68   rt_errno_addr_intlibspace.o
         8          4          0          0          0         68   rt_heap_descriptor_intlibspace.o
         8          4          0          0          0         68   rt_locale_intlibspace.o
        68          0          0          0          0         68   rt_memclr.o
        78          0          0          0          0         80   rt_memclr_w.o
       138          0          0          0          0         68   rt_memcpy_v6.o
       100          0          0          0          0         80   rt_memcpy_w.o
       132          0          0          0          0         68   rt_memmove_v6.o
       122          0          0          0          0         80   rt_memmove_w.o
         0          0          0          0          0          0   rtentry.o
        12          0          0          0          0          0   rtentry2.o
         6          0          0          0          0          0   rtentry4.o
         2          0          0          0          0          0   rtexit.o
        10          0          0          0          0          0   rtexit2.o
        44          6          0          0          0         84   sprintf.o
        24          0          0          0          0         68   strcat.o
        20          0          0          0          0         68   strchr.o
       128          0          0          0          0         68   strcmpv7m.o
        72          0          0          0          0         80   strcpy.o
       872        124          0          0          0        180   strftime.o
        62          0          0          0          0         76   strlen.o
       150          0          0          0          0         80   strncmp.o
        86          0          0          0          0         76   strncpy.o
        36          0          0          0          0         80   strstr.o
        12          4          0          0          0         68   sys_exit.o
        74          0          0          0          0         80   sys_stackheap_outer.o
        14          0          0          0          0         76   sys_wrch.o
        26          0          0          0          0         76   tolower.o
         2          0          0          0          0         68   use_no_semi.o
       826         16          0          0          0        356   daddsub_clz.o
        16          4          0          0          0         68   dcheck1.o
        24          0          0          0          0         68   dcmpi.o
       688        140          0          0          0        212   ddiv.o
       120          4          0          0          0         92   deqf.o
        94          4          0          0          0         92   dfix.o
        46          0          0          0          0         68   dflt_clz.o
       120          4          0          0          0         92   dleqf.o
       340         12          0          0          0        104   dmul.o
       156          4          0          0          0         92   dnaninf.o
        12          0          0          0          0         68   dretinf.o
       108          0          0          0          0         80   drleqf.o
       460         56          0          0          0        120   dsqrt_noumaal.o
        86          4          0          0          0         84   f2d.o
       140          4          0          0          0         84   fnaninf.o
         4          0          0          0          0         68   printf1.o
         4          0          0          0          0         68   printf2.o
       100          0          0          0          0         68   retnan.o
        92          0          0          0          0         68   scalbn.o
        48          0          0          0          0         68   trapv.o
         0          0          0          0          0          0   usenofp.o
        16          6          0          0          0         68   dunder.o
       220         16          0          0          0         84   floor.o
        40          0          0          0          0         68   fpclassify.o
       170          0          0          0          0         96   poly.o
      2528        190        136          0          0        316   pow.o
         0          0          8          0          0          0   qnan.o
        78          0          0          0          0         84   sqrt.o

    ----------------------------------------------------------------------
     16106        952       1091          0         96       9332   Library Totals
        24          0          8          0          0          0   (incl. Padding)

    ----------------------------------------------------------------------

      Code (inc. data)   RO Data    RW Data    ZI Data      Debug   Library Name

      9546        488        939          0         96       6596   c_w.l
      3484        252          0          0          0       2020   fz_ws.l
      3052        212        144          0          0        716   m_ws.l

    ----------------------------------------------------------------------
     16106        952       1091          0         96       9332   Library Totals

    ----------------------------------------------------------------------

==============================================================================


      Code (inc. data)   RO Data    RW Data    ZI Data      Debug   

     36158       2002       1434         72       3936     337909   Grand Totals
     36158       2002       1434         72       3936     337909   ELF Image Totals
     36158       2002       1434         72          0          0   ROM Totals

==============================================================================

    Total RO  Size (Code + RO Data)                37592 (  36.71kB)
    Total RW  Size (RW Data + ZI Data)              4008 (   3.91kB)
    Total ROM Size (Code + RO Data + RW Data)      37664 (  36.78kB)

==============================================================================

