<html>
<body>
<pre>
<h1>µVision Build Log</h1>
<h2>Project:</h2>
C:\Users\xu\Desktop\stm32-sdk-demo\stm32-sdk-demo\Demo-sdk\Project\onenetdemo.uvproj
Project File Date:  06/06/2016

<h2>Output:</h2>
Rebuild target 'Target 1'
compiling core_cm3.c...
compiling system_stm32f10x.c...
assembling startup_stm32f10x_hd.s...
compiling main.c...
compiling stm32f10x_it.c...
compiling misc.c...
compiling stm32f10x_exti.c...
compiling stm32f10x_flash.c...
compiling stm32f10x_gpio.c...
compiling stm32f10x_i2c.c...
compiling stm32f10x_rcc.c...
compiling stm32f10x_usart.c...
compiling usart1.c...
compiling usart2.c...
compiling led.c...
compiling key.c...
compiling cJSON.c...
compiling EdpKit.c...
compiling esp8266.c...
linking...
Program Size: Code=36158 RO-data=1434 RW-data=72 ZI-data=3936  
"..\object\onenetdemo.axf" - 0 Error(s), 0 Warning(s).
Load "..\\object\\onenetdemo.AXF" 
Erase Done.
Programming Done.
Verify OK.
Application running ...
